
> asteroides@1.0.0 lint:fix C:\Users\Javier\next\react-native-asteroids
> eslint . --fix


C:\Users\Javier\next\react-native-asteroids\server\src\AsteroidsRoom.ts
  47:41  warning  Unexpected any. Specify a different type  @typescript-eslint/no-explicit-any

C:\Users\Javier\next\react-native-asteroids\server\src\__tests__\AsteroidsRoom.test.ts
   9:9   error    Use "@ts-expect-error" instead of "@ts-ignore", as "@ts-ignore" will do nothing if the following line is error-free  @typescript-eslint/ban-ts-comment
  11:9   error    Use "@ts-expect-error" instead of "@ts-ignore", as "@ts-ignore" will do nothing if the following line is error-free  @typescript-eslint/ban-ts-comment
  17:47  warning  Unexpected any. Specify a different type                                                                             @typescript-eslint/no-explicit-any
  20:32  warning  Unexpected any. Specify a different type                                                                             @typescript-eslint/no-explicit-any
  23:49  warning  Unexpected any. Specify a different type                                                                             @typescript-eslint/no-explicit-any
  28:18  warning  Unexpected any. Specify a different type                                                                             @typescript-eslint/no-explicit-any

C:\Users\Javier\next\react-native-asteroids\src\engine\core\BaseGame.ts
  644:29  error  A `require()` style import is forbidden  @typescript-eslint/no-require-imports

C:\Users\Javier\next\react-native-asteroids\src\engine\core\IGame.ts
  29:24  error  'TGame' is defined but never used. Allowed unused vars must match /^_/u  unused-imports/no-unused-vars

C:\Users\Javier\next\react-native-asteroids\src\engine\core\__tests__\BaseGameLifecycle.test.ts
   6:33  warning  Unexpected any. Specify a different type                                                                             @typescript-eslint/no-explicit-any
   6:38  warning  Unexpected any. Specify a different type                                                                             @typescript-eslint/no-explicit-any
   7:29  error    'renderer' is defined but never used. Allowed unused args must match /^_/u                                           unused-imports/no-unused-vars
  14:26  warning  Unexpected any. Specify a different type                                                                             @typescript-eslint/no-explicit-any
  29:21  warning  Unexpected any. Specify a different type                                                                             @typescript-eslint/no-explicit-any
  35:21  warning  Unexpected any. Specify a different type                                                                             @typescript-eslint/no-explicit-any
  36:5   error    Use "@ts-expect-error" instead of "@ts-ignore", as "@ts-ignore" will do nothing if the following line is error-free  @typescript-eslint/ban-ts-comment

C:\Users\Javier\next\react-native-asteroids\src\engine\physics\utils\PhysicsUtils.ts
  86:29  warning  Unexpected any. Specify a different type  @typescript-eslint/no-explicit-any

C:\Users\Javier\next\react-native-asteroids\src\engine\systems\BaseGameStateSystem.ts
  59:50  warning  Unexpected any. Specify a different type  @typescript-eslint/no-explicit-any
  63:54  warning  Unexpected any. Specify a different type  @typescript-eslint/no-explicit-any
  73:52  warning  Unexpected any. Specify a different type  @typescript-eslint/no-explicit-any
  91:58  warning  Unexpected any. Specify a different type  @typescript-eslint/no-explicit-any
  92:58  warning  Unexpected any. Specify a different type  @typescript-eslint/no-explicit-any

C:\Users\Javier\next\react-native-asteroids\src\engine\systems\LootSystem.ts
  25:13  error  'entityDestroyedHandler' is assigned a value but never used. Allowed unused vars must match /^_/u    unused-imports/no-unused-vars
  29:13  error  'asteroidDestroyedHandler' is assigned a value but never used. Allowed unused vars must match /^_/u  unused-imports/no-unused-vars

C:\Users\Javier\next\react-native-asteroids\src\engine\systems\ParticleSystem.ts
  26:36  warning  Unexpected any. Specify a different type  @typescript-eslint/no-explicit-any
  28:40  warning  Unexpected any. Specify a different type  @typescript-eslint/no-explicit-any

C:\Users\Javier\next\react-native-asteroids\src\engine\systems\SpatialPartitioningSystem.ts
   55:31  warning  Unexpected any. Specify a different type  @typescript-eslint/no-explicit-any
   56:31  warning  Unexpected any. Specify a different type  @typescript-eslint/no-explicit-any
  100:11  error    Unexpected constant condition             no-constant-condition

C:\Users\Javier\next\react-native-asteroids\src\engine\utils\Juice.ts
  48:10  warning  Unexpected any. Specify a different type  @typescript-eslint/no-explicit-any

C:\Users\Javier\next\react-native-asteroids\src\engine\utils\__tests__\RandomService.test.ts
    6:24  warning  Unexpected any. Specify a different type  @typescript-eslint/no-explicit-any
   98:26  warning  Unexpected any. Specify a different type  @typescript-eslint/no-explicit-any
  104:26  warning  Unexpected any. Specify a different type  @typescript-eslint/no-explicit-any
  109:26  warning  Unexpected any. Specify a different type  @typescript-eslint/no-explicit-any
  110:39  warning  Unexpected any. Specify a different type  @typescript-eslint/no-explicit-any
  111:39  warning  Unexpected any. Specify a different type  @typescript-eslint/no-explicit-any
  112:39  warning  Unexpected any. Specify a different type  @typescript-eslint/no-explicit-any
  113:39  warning  Unexpected any. Specify a different type  @typescript-eslint/no-explicit-any
  114:39  warning  Unexpected any. Specify a different type  @typescript-eslint/no-explicit-any
  115:39  warning  Unexpected any. Specify a different type  @typescript-eslint/no-explicit-any
  119:26  warning  Unexpected any. Specify a different type  @typescript-eslint/no-explicit-any

C:\Users\Javier\next\react-native-asteroids\src\games\asteroids\__tests__\AsteroidsHeadless.test.ts
  51:52  warning  Unexpected any. Specify a different type  @typescript-eslint/no-explicit-any
  67:45  warning  Unexpected any. Specify a different type  @typescript-eslint/no-explicit-any

C:\Users\Javier\next\react-native-asteroids\src\games\asteroids\__tests__\AsteroidsHeadlessSimulation.parity.test.ts
  26:15  error    'snapshotDet' is assigned a value but never used. Allowed unused vars must match /^_/u       unused-imports/no-unused-vars
  40:15  error    'snapshotHeadless' is assigned a value but never used. Allowed unused vars must match /^_/u  unused-imports/no-unused-vars
  43:50  warning  Unexpected any. Specify a different type                                                     @typescript-eslint/no-explicit-any
  44:60  warning  Unexpected any. Specify a different type                                                     @typescript-eslint/no-explicit-any

C:\Users\Javier\next\react-native-asteroids\src\games\asteroids\__tests__\utils\TestHelpers.ts
   7:47  warning  Unexpected any. Specify a different type  @typescript-eslint/no-explicit-any
  13:46  warning  Unexpected any. Specify a different type  @typescript-eslint/no-explicit-any
  21:35  warning  Unexpected any. Specify a different type  @typescript-eslint/no-explicit-any
  22:35  warning  Unexpected any. Specify a different type  @typescript-eslint/no-explicit-any
  43:53  warning  Unexpected any. Specify a different type  @typescript-eslint/no-explicit-any
  44:48  warning  Unexpected any. Specify a different type  @typescript-eslint/no-explicit-any
  45:48  warning  Unexpected any. Specify a different type  @typescript-eslint/no-explicit-any
  46:51  warning  Unexpected any. Specify a different type  @typescript-eslint/no-explicit-any

C:\Users\Javier\next\react-native-asteroids\src\games\asteroids\scenes\__tests__\AsteroidsGameScene.test.ts
  10:25  warning  Unexpected any. Specify a different type  @typescript-eslint/no-explicit-any
  13:36  warning  Unexpected any. Specify a different type  @typescript-eslint/no-explicit-any
  31:32  warning  Unexpected any. Specify a different type  @typescript-eslint/no-explicit-any

C:\Users\Javier\next\react-native-asteroids\src\games\asteroids\systems\AsteroidCollisionSystem.ts
  144:42  warning  Unexpected any. Specify a different type  @typescript-eslint/no-explicit-any

C:\Users\Javier\next\react-native-asteroids\src\games\asteroids\systems\__tests__\MovementBug.test.ts
  29:13  error  Use "@ts-expect-error" instead of "@ts-ignore", as "@ts-ignore" will do nothing if the following line is error-free  @typescript-eslint/ban-ts-comment

C:\Users\Javier\next\react-native-asteroids\src\games\asteroids\systems\__tests__\StructuralSafety.test.ts
  53:81  warning  Unexpected any. Specify a different type  @typescript-eslint/no-explicit-any
  77:81  warning  Unexpected any. Specify a different type  @typescript-eslint/no-explicit-any

C:\Users\Javier\next\react-native-asteroids\src\games\asteroids\utils\ShipPhysics.ts
  163:13  error    'ownerId' is assigned a value but never used. Allowed unused vars must match /^_/u  unused-imports/no-unused-vars
  167:44  warning  Unexpected any. Specify a different type                                            @typescript-eslint/no-explicit-any

C:\Users\Javier\next\react-native-asteroids\src\games\flappybird\EntityFactory.ts
  143:19  error  'topPipe' is assigned a value but never used. Allowed unused vars must match /^_/u     unused-imports/no-unused-vars
  167:19  error  'bottomPipe' is assigned a value but never used. Allowed unused vars must match /^_/u  unused-imports/no-unused-vars

C:\Users\Javier\next\react-native-asteroids\src\games\flappybird\__tests__\FlappyBirdIntegration.test.ts
  37:46  warning  Unexpected any. Specify a different type  @typescript-eslint/no-explicit-any
  39:47  warning  Unexpected any. Specify a different type  @typescript-eslint/no-explicit-any
  53:52  warning  Unexpected any. Specify a different type  @typescript-eslint/no-explicit-any
  60:45  warning  Unexpected any. Specify a different type  @typescript-eslint/no-explicit-any
  72:31  warning  Unexpected any. Specify a different type  @typescript-eslint/no-explicit-any

C:\Users\Javier\next\react-native-asteroids\src\games\pong\__tests__\PongIntegration.test.ts
  51:31  warning  Unexpected any. Specify a different type  @typescript-eslint/no-explicit-any
  62:44  warning  Unexpected any. Specify a different type  @typescript-eslint/no-explicit-any
  76:31  warning  Unexpected any. Specify a different type  @typescript-eslint/no-explicit-any

C:\Users\Javier\next\react-native-asteroids\src\games\space-invaders\__tests__\EntityFactory.test.ts
  15:15  error  'transform' is assigned a value but never used. Allowed unused vars must match /^_/u  unused-imports/no-unused-vars

C:\Users\Javier\next\react-native-asteroids\src\games\space-invaders\__tests__\SpaceInvadersIntegration.test.ts
  27:32  warning  Unexpected any. Specify a different type  @typescript-eslint/no-explicit-any
  30:28  warning  Unexpected any. Specify a different type  @typescript-eslint/no-explicit-any
  66:52  warning  Unexpected any. Specify a different type  @typescript-eslint/no-explicit-any
  73:45  warning  Unexpected any. Specify a different type  @typescript-eslint/no-explicit-any

C:\Users\Javier\next\react-native-asteroids\src\games\space-invaders\systems\SpaceInvadersCollisionSystem.ts
  117:117  warning  Unexpected any. Specify a different type                                     @typescript-eslint/no-explicit-any
  118:107  warning  Unexpected any. Specify a different type                                     @typescript-eslint/no-explicit-any
  233:45   error    'gameState' is defined but never used. Allowed unused args must match /^_/u  unused-imports/no-unused-vars

C:\Users\Javier\next\react-native-asteroids\src\games\space-invaders\systems\__tests__\SpaceInvadersFormationSystem.test.ts
  29:36  warning  Unexpected any. Specify a different type  @typescript-eslint/no-explicit-any
  45:36  warning  Unexpected any. Specify a different type  @typescript-eslint/no-explicit-any
  62:36  warning  Unexpected any. Specify a different type  @typescript-eslint/no-explicit-any
  83:46  warning  Unexpected any. Specify a different type  @typescript-eslint/no-explicit-any
  93:36  warning  Unexpected any. Specify a different type  @typescript-eslint/no-explicit-any

C:\Users\Javier\next\react-native-asteroids\src\multiplayer\PredictionBuffer.ts
  67:11  error  'initialSize' is assigned a value but never used. Allowed unused vars must match /^_/u  unused-imports/no-unused-vars

C:\Users\Javier\next\react-native-asteroids\src\multiplayer\__tests__\ReplayIsolation.test.ts
  17:39  warning  Unexpected any. Specify a different type  @typescript-eslint/no-explicit-any
  37:56  warning  Unexpected any. Specify a different type  @typescript-eslint/no-explicit-any

C:\Users\Javier\next\react-native-asteroids\src\services\__tests__\PlayerProfileConcurrency.test.ts
  26:30  warning  Unexpected any. Specify a different type  @typescript-eslint/no-explicit-any

C:\Users\Javier\next\react-native-asteroids\src\simulation\__tests__\DeterministicSimulationCollisions.test.ts
  33:54  warning  Unexpected any. Specify a different type  @typescript-eslint/no-explicit-any

Ô£û 92 problems (18 errors, 74 warnings)

ÔÇëELIFECYCLEÔÇë Command failed with exit code 1.
