components/GameRenderer.tsx(42,26): error TS2339: Property 'Drawing' does not exist on type 'typeof import("/app/node_modules/@shopify/react-native-skia/lib/typescript/index")'.
server/src/AsteroidsRoom.ts(1,46): error TS2307: Cannot find module '@colyseus/core' or its corresponding type declarations.
server/src/AsteroidsRoom.ts(9,10): error TS2724: '"../../src/games/asteroids/types/AsteroidTypes"' has no exported member named 'ShipComponent'. Did you mean 'InputComponent'?
server/src/AsteroidsRoom.ts(9,25): error TS2305: Module '"../../src/games/asteroids/types/AsteroidTypes"' has no exported member 'BulletComponent'.
server/src/AsteroidsRoom.ts(80,10): error TS2339: Property 'state' does not exist on type 'AsteroidsRoom'.
server/src/AsteroidsRoom.ts(81,10): error TS2339: Property 'state' does not exist on type 'AsteroidsRoom'.
server/src/AsteroidsRoom.ts(86,20): error TS2339: Property 'state' does not exist on type 'AsteroidsRoom'.
server/src/AsteroidsRoom.ts(91,10): error TS2339: Property 'state' does not exist on type 'AsteroidsRoom'.
server/src/AsteroidsRoom.ts(92,10): error TS2339: Property 'state' does not exist on type 'AsteroidsRoom'.
server/src/AsteroidsRoom.ts(93,10): error TS2339: Property 'state' does not exist on type 'AsteroidsRoom'.
server/src/AsteroidsRoom.ts(94,10): error TS2339: Property 'state' does not exist on type 'AsteroidsRoom'.
server/src/AsteroidsRoom.ts(95,10): error TS2339: Property 'state' does not exist on type 'AsteroidsRoom'.
server/src/AsteroidsRoom.ts(97,10): error TS2339: Property 'setPatchRate' does not exist on type 'AsteroidsRoom'.
server/src/AsteroidsRoom.ts(98,10): error TS2339: Property 'setSimulationInterval' does not exist on type 'AsteroidsRoom'.
server/src/AsteroidsRoom.ts(98,33): error TS7006: Parameter 'dt' implicitly has an 'any' type.
server/src/AsteroidsRoom.ts(100,10): error TS2339: Property 'onMessage' does not exist on type 'AsteroidsRoom'.
server/src/AsteroidsRoom.ts(100,30): error TS7006: Parameter 'client' implicitly has an 'any' type.
server/src/AsteroidsRoom.ts(106,10): error TS2339: Property 'onMessage' does not exist on type 'AsteroidsRoom'.
server/src/AsteroidsRoom.ts(106,34): error TS7006: Parameter 'client' implicitly has an 'any' type.
server/src/AsteroidsRoom.ts(106,42): error TS7006: Parameter 'data' implicitly has an 'any' type.
server/src/AsteroidsRoom.ts(111,73): error TS2339: Property 'state' does not exist on type 'AsteroidsRoom'.
server/src/AsteroidsRoom.ts(114,31): error TS2339: Property 'state' does not exist on type 'AsteroidsRoom'.
server/src/AsteroidsRoom.ts(115,26): error TS2339: Property 'state' does not exist on type 'AsteroidsRoom'.
server/src/AsteroidsRoom.ts(120,10): error TS2339: Property 'onMessage' does not exist on type 'AsteroidsRoom'.
server/src/AsteroidsRoom.ts(121,16): error TS2339: Property 'state' does not exist on type 'AsteroidsRoom'.
server/src/AsteroidsRoom.ts(122,12): error TS2339: Property 'state' does not exist on type 'AsteroidsRoom'.
server/src/AsteroidsRoom.ts(127,16): error TS2339: Property 'state' does not exist on type 'AsteroidsRoom'.
server/src/AsteroidsRoom.ts(128,85): error TS2339: Property 'state' does not exist on type 'AsteroidsRoom'.
server/src/AsteroidsRoom.ts(132,10): error TS2339: Property 'onMessage' does not exist on type 'AsteroidsRoom'.
server/src/AsteroidsRoom.ts(132,32): error TS7006: Parameter 'client' implicitly has an 'any' type.
server/src/AsteroidsRoom.ts(134,31): error TS2339: Property 'state' does not exist on type 'AsteroidsRoom'.
server/src/AsteroidsRoom.ts(143,35): error TS2339: Property 'state' does not exist on type 'AsteroidsRoom'.
server/src/AsteroidsRoom.ts(162,10): error TS2339: Property 'state' does not exist on type 'AsteroidsRoom'.
server/src/AsteroidsRoom.ts(180,25): error TS2339: Property 'state' does not exist on type 'AsteroidsRoom'.
server/src/AsteroidsRoom.ts(189,18): error TS2339: Property 'allowReconnection' does not exist on type 'AsteroidsRoom'.
server/src/AsteroidsRoom.ts(191,12): error TS2339: Property 'state' does not exist on type 'AsteroidsRoom'.
server/src/AsteroidsRoom.ts(216,15): error TS2339: Property 'state' does not exist on type 'AsteroidsRoom'.
server/src/AsteroidsRoom.ts(217,10): error TS2339: Property 'state' does not exist on type 'AsteroidsRoom'.
server/src/AsteroidsRoom.ts(218,10): error TS2339: Property 'state' does not exist on type 'AsteroidsRoom'.
server/src/AsteroidsRoom.ts(218,41): error TS2339: Property 'state' does not exist on type 'AsteroidsRoom'.
server/src/AsteroidsRoom.ts(222,10): error TS2339: Property 'state' does not exist on type 'AsteroidsRoom'.
server/src/AsteroidsRoom.ts(229,56): error TS2339: Property 'state' does not exist on type 'AsteroidsRoom'.
server/src/AsteroidsRoom.ts(254,14): error TS2339: Property 'state' does not exist on type 'AsteroidsRoom'.
server/src/AsteroidsRoom.ts(258,14): error TS2339: Property 'clients' does not exist on type 'AsteroidsRoom'.
server/src/AsteroidsRoom.ts(258,30): error TS7006: Parameter 'client' implicitly has an 'any' type.
server/src/AsteroidsRoom.ts(293,43): error TS2339: Property 'state' does not exist on type 'AsteroidsRoom'.
server/src/AsteroidsRoom.ts(294,32): error TS2339: Property 'state' does not exist on type 'AsteroidsRoom'.
server/src/AsteroidsRoom.ts(325,47): error TS2339: Property 'state' does not exist on type 'AsteroidsRoom'.
server/src/AsteroidsRoom.ts(326,36): error TS2339: Property 'state' does not exist on type 'AsteroidsRoom'.
server/src/AsteroidsRoom.ts(334,18): error TS2339: Property 'state' does not exist on type 'AsteroidsRoom'.
server/src/AsteroidsRoom.ts(336,18): error TS2339: Property 'state' does not exist on type 'AsteroidsRoom'.
server/src/AsteroidsRoom.ts(342,39): error TS2339: Property 'state' does not exist on type 'AsteroidsRoom'.
server/src/AsteroidsRoom.ts(342,65): error TS2339: Property 'state' does not exist on type 'AsteroidsRoom'.
server/src/AsteroidsRoom.ts(342,93): error TS2339: Property 'state' does not exist on type 'AsteroidsRoom'.
server/src/AsteroidsRoom.ts(348,14): error TS2339: Property 'clients' does not exist on type 'AsteroidsRoom'.
server/src/AsteroidsRoom.ts(349,14): error TS2339: Property 'clients' does not exist on type 'AsteroidsRoom'.
server/src/AsteroidsRoom.ts(349,64): error TS2339: Property 'clients' does not exist on type 'AsteroidsRoom'.
server/src/AsteroidsRoom.ts(355,20): error TS2339: Property 'state' does not exist on type 'AsteroidsRoom'.
server/src/AsteroidsRoom.ts(366,10): error TS2339: Property 'state' does not exist on type 'AsteroidsRoom'.
server/src/AsteroidsRoom.ts(369,75): error TS2339: Property 'state' does not exist on type 'AsteroidsRoom'.
server/src/AsteroidsRoom.ts(374,32): error TS2339: Property 'state' does not exist on type 'AsteroidsRoom'.
server/src/AsteroidsRoom.ts(377,29): error TS2339: Property 'state' does not exist on type 'AsteroidsRoom'.
server/src/AsteroidsRoom.ts(381,14): error TS2339: Property 'state' does not exist on type 'AsteroidsRoom'.
server/src/AsteroidsRoom.ts(382,14): error TS2339: Property 'broadcast' does not exist on type 'AsteroidsRoom'.
server/src/AsteroidsRoom.ts(383,35): error TS2339: Property 'state' does not exist on type 'AsteroidsRoom'.
server/src/AsteroidsRoom.ts(385,26): error TS2339: Property 'roomId' does not exist on type 'AsteroidsRoom'.
server/src/AsteroidsRoom.ts(387,27): error TS2339: Property 'state' does not exist on type 'AsteroidsRoom'.
server/src/AsteroidsRoom.ts(401,56): error TS2339: Property 'roomId' does not exist on type 'AsteroidsRoom'.
server/src/AsteroidsRoom.ts(416,29): error TS2339: Property 'state' does not exist on type 'AsteroidsRoom'.
server/src/AsteroidsRoom.ts(442,102): error TS2694: Namespace '"/app/src/games/asteroids/types/AsteroidTypes"' has no exported member 'ShipComponent'.
server/src/AsteroidsRoom.ts(444,33): error TS2339: Property 'score' does not exist on type '{ readonly type: "EventBus"; readonly bus: { readonly on: <T = unknown>(event: string, handler: EventHandler<T>) => () => void; readonly once: <T = unknown>(event: string, handler: EventHandler<T>) => () => void; ... 4 more ...; readonly clear: (pattern?: string | undefined) => void; }; } | ... 41 more ... | { ...; }'.
  Property 'score' does not exist on type '{ readonly type: "EventBus"; readonly bus: { readonly on: <T = unknown>(event: string, handler: EventHandler<T>) => () => void; readonly once: <T = unknown>(event: string, handler: EventHandler<T>) => () => void; ... 4 more ...; readonly clear: (pattern?: string | undefined) => void; }; }'.
server/src/AsteroidsRoom.ts(457,29): error TS2339: Property 'state' does not exist on type 'AsteroidsRoom'.
server/src/AsteroidsRoom.ts(461,18): error TS2339: Property 'state' does not exist on type 'AsteroidsRoom'.
server/src/AsteroidsRoom.ts(468,10): error TS2339: Property 'state' does not exist on type 'AsteroidsRoom'.
server/src/AsteroidsRoom.ts(469,47): error TS2339: Property 'state' does not exist on type 'AsteroidsRoom'.
server/src/AsteroidsRoom.ts(480,27): error TS2339: Property 'state' does not exist on type 'AsteroidsRoom'.
server/src/AsteroidsRoom.ts(483,18): error TS2339: Property 'state' does not exist on type 'AsteroidsRoom'.
server/src/AsteroidsRoom.ts(489,25): error TS2339: Property 'ownerId' does not exist on type '{ readonly type: "EventBus"; readonly bus: { readonly on: <T = unknown>(event: string, handler: EventHandler<T>) => () => void; readonly once: <T = unknown>(event: string, handler: EventHandler<T>) => () => void; ... 4 more ...; readonly clear: (pattern?: string | undefined) => void; }; } | ... 41 more ... | { ...; }'.
  Property 'ownerId' does not exist on type '{ readonly type: "EventBus"; readonly bus: { readonly on: <T = unknown>(event: string, handler: EventHandler<T>) => () => void; readonly once: <T = unknown>(event: string, handler: EventHandler<T>) => () => void; ... 4 more ...; readonly clear: (pattern?: string | undefined) => void; }; }'.
server/src/AsteroidsRoom.ts(490,41): error TS2339: Property 'ownerId' does not exist on type '{ readonly type: "EventBus"; readonly bus: { readonly on: <T = unknown>(event: string, handler: EventHandler<T>) => () => void; readonly once: <T = unknown>(event: string, handler: EventHandler<T>) => () => void; ... 4 more ...; readonly clear: (pattern?: string | undefined) => void; }; } | ... 41 more ... | { ...; }'.
  Property 'ownerId' does not exist on type '{ readonly type: "EventBus"; readonly bus: { readonly on: <T = unknown>(event: string, handler: EventHandler<T>) => () => void; readonly once: <T = unknown>(event: string, handler: EventHandler<T>) => () => void; ... 4 more ...; readonly clear: (pattern?: string | undefined) => void; }; }'.
server/src/AsteroidsRoom.ts(493,10): error TS2339: Property 'state' does not exist on type 'AsteroidsRoom'.
server/src/AsteroidsRoom.ts(494,45): error TS2339: Property 'state' does not exist on type 'AsteroidsRoom'.
server/src/AsteroidsRoom.ts(498,27): error TS2339: Property 'state' does not exist on type 'AsteroidsRoom'.
server/src/AsteroidsRoom.ts(500,14): error TS2339: Property 'state' does not exist on type 'AsteroidsRoom'.
server/src/AsteroidsRoom.ts(504,14): error TS2339: Property 'state' does not exist on type 'AsteroidsRoom'.
server/src/AsteroidsRoom.ts(505,31): error TS2339: Property 'state' does not exist on type 'AsteroidsRoom'.
server/src/AsteroidsRoom.ts(505,55): error TS2339: Property 'state' does not exist on type 'AsteroidsRoom'.
server/src/DailyLeaderboardStore.ts(1,22): error TS2307: Cannot find module 'better-sqlite3' or its corresponding type declarations.
server/src/FlappyBirdRoom.ts(1,35): error TS2307: Cannot find module '@colyseus/core' or its corresponding type declarations.
server/src/FlappyBirdRoom.ts(8,11): error TS2564: Property 'random' has no initializer and is not definitely assigned in the constructor.
server/src/FlappyBirdRoom.ts(11,10): error TS2339: Property 'state' does not exist on type 'FlappyBirdRoom'.
server/src/FlappyBirdRoom.ts(14,10): error TS2339: Property 'state' does not exist on type 'FlappyBirdRoom'.
server/src/FlappyBirdRoom.ts(15,42): error TS2339: Property 'state' does not exist on type 'FlappyBirdRoom'.
server/src/FlappyBirdRoom.ts(17,10): error TS2339: Property 'state' does not exist on type 'FlappyBirdRoom'.
server/src/FlappyBirdRoom.ts(18,10): error TS2339: Property 'state' does not exist on type 'FlappyBirdRoom'.
server/src/FlappyBirdRoom.ts(20,10): error TS2339: Property 'setSimulationInterval' does not exist on type 'FlappyBirdRoom'.
server/src/FlappyBirdRoom.ts(20,33): error TS7006: Parameter 'deltaTime' implicitly has an 'any' type.
server/src/FlappyBirdRoom.ts(22,10): error TS2339: Property 'onMessage' does not exist on type 'FlappyBirdRoom'.
server/src/FlappyBirdRoom.ts(22,29): error TS7006: Parameter 'client' implicitly has an 'any' type.
server/src/FlappyBirdRoom.ts(23,25): error TS2339: Property 'state' does not exist on type 'FlappyBirdRoom'.
server/src/FlappyBirdRoom.ts(28,10): error TS2339: Property 'onMessage' does not exist on type 'FlappyBirdRoom'.
server/src/FlappyBirdRoom.ts(29,12): error TS2339: Property 'state' does not exist on type 'FlappyBirdRoom'.
server/src/FlappyBirdRoom.ts(30,12): error TS2339: Property 'state' does not exist on type 'FlappyBirdRoom'.
server/src/FlappyBirdRoom.ts(31,12): error TS2339: Property 'state' does not exist on type 'FlappyBirdRoom'.
server/src/FlappyBirdRoom.ts(31,34): error TS7006: Parameter 'p' implicitly has an 'any' type.
server/src/FlappyBirdRoom.ts(47,46): error TS2339: Property 'clients' does not exist on type 'FlappyBirdRoom'.
server/src/FlappyBirdRoom.ts(48,10): error TS2339: Property 'state' does not exist on type 'FlappyBirdRoom'.
server/src/FlappyBirdRoom.ts(52,10): error TS2339: Property 'state' does not exist on type 'FlappyBirdRoom'.
server/src/FlappyBirdRoom.ts(56,15): error TS2339: Property 'state' does not exist on type 'FlappyBirdRoom'.
server/src/FlappyBirdRoom.ts(59,10): error TS2339: Property 'state' does not exist on type 'FlappyBirdRoom'.
server/src/FlappyBirdRoom.ts(59,33): error TS7006: Parameter 'bird' implicitly has an 'any' type.
server/src/FlappyBirdRoom.ts(77,10): error TS2339: Property 'state' does not exist on type 'FlappyBirdRoom'.
server/src/FlappyBirdRoom.ts(77,31): error TS7006: Parameter 'pipe' implicitly has an 'any' type.
server/src/FlappyBirdRoom.ts(77,37): error TS7006: Parameter 'id' implicitly has an 'any' type.
server/src/FlappyBirdRoom.ts(81,14): error TS2339: Property 'state' does not exist on type 'FlappyBirdRoom'.
server/src/FlappyBirdRoom.ts(81,37): error TS7006: Parameter 'bird' implicitly has an 'any' type.
server/src/FlappyBirdRoom.ts(81,43): error TS7006: Parameter 'sessionId' implicitly has an 'any' type.
server/src/FlappyBirdRoom.ts(89,18): error TS2339: Property 'state' does not exist on type 'FlappyBirdRoom'.
server/src/FlappyBirdRoom.ts(93,14): error TS2339: Property 'state' does not exist on type 'FlappyBirdRoom'.
server/src/FlappyBirdRoom.ts(93,36): error TS7006: Parameter 'bird' implicitly has an 'any' type.
server/src/FlappyBirdRoom.ts(109,12): error TS2339: Property 'state' does not exist on type 'FlappyBirdRoom'.
server/src/PongRoom.ts(1,30): error TS2307: Cannot find module 'colyseus' or its corresponding type declarations.
server/src/PongRoom.ts(6,4): error TS1240: Unable to resolve signature of property decorator when called as an expression.
  Argument of type 'undefined' is not assignable to parameter of type 'Object'.
server/src/PongRoom.ts(6,19): error TS2564: Property 'sessionId' has no initializer and is not definitely assigned in the constructor.
server/src/PongRoom.ts(7,4): error TS1240: Unable to resolve signature of property decorator when called as an expression.
  Argument of type 'undefined' is not assignable to parameter of type 'Object'.
server/src/PongRoom.ts(8,4): error TS1240: Unable to resolve signature of property decorator when called as an expression.
  Argument of type 'undefined' is not assignable to parameter of type 'Object'.
server/src/PongRoom.ts(8,19): error TS2564: Property 'playerNumber' has no initializer and is not definitely assigned in the constructor.
server/src/PongRoom.ts(9,4): error TS1240: Unable to resolve signature of property decorator when called as an expression.
  Argument of type 'undefined' is not assignable to parameter of type 'Object'.
server/src/PongRoom.ts(13,4): error TS1240: Unable to resolve signature of property decorator when called as an expression.
  Argument of type 'undefined' is not assignable to parameter of type 'Object'.
server/src/PongRoom.ts(14,4): error TS1240: Unable to resolve signature of property decorator when called as an expression.
  Argument of type 'undefined' is not assignable to parameter of type 'Object'.
server/src/PongRoom.ts(15,4): error TS1240: Unable to resolve signature of property decorator when called as an expression.
  Argument of type 'undefined' is not assignable to parameter of type 'Object'.
server/src/PongRoom.ts(16,4): error TS1240: Unable to resolve signature of property decorator when called as an expression.
  Argument of type 'undefined' is not assignable to parameter of type 'Object'.
server/src/PongRoom.ts(28,10): error TS2339: Property 'setState' does not exist on type 'PongRoom'.
server/src/PongRoom.ts(29,10): error TS2339: Property 'state' does not exist on type 'PongRoom'.
server/src/PongRoom.ts(31,10): error TS2339: Property 'onMessage' does not exist on type 'PongRoom'.
server/src/PongRoom.ts(31,30): error TS7006: Parameter 'client' implicitly has an 'any' type.
server/src/PongRoom.ts(42,12): error TS2339: Property 'broadcast' does not exist on type 'PongRoom'.
server/src/PongRoom.ts(49,10): error TS2339: Property 'onMessage' does not exist on type 'PongRoom'.
server/src/PongRoom.ts(49,30): error TS7006: Parameter 'client' implicitly has an 'any' type.
server/src/PongRoom.ts(50,27): error TS2339: Property 'state' does not exist on type 'PongRoom'.
server/src/PongRoom.ts(53,44): error TS2339: Property 'state' does not exist on type 'PongRoom'.
server/src/PongRoom.ts(53,79): error TS18046: 'p' is of type 'unknown'.
server/src/PongRoom.ts(54,20): error TS2339: Property 'state' does not exist on type 'PongRoom'.
server/src/PongRoom.ts(55,20): error TS2339: Property 'state' does not exist on type 'PongRoom'.
server/src/PongRoom.ts(56,20): error TS2339: Property 'broadcast' does not exist on type 'PongRoom'.
server/src/PongRoom.ts(56,52): error TS2339: Property 'state' does not exist on type 'PongRoom'.
server/src/PongRoom.ts(67,45): error TS2339: Property 'state' does not exist on type 'PongRoom'.
server/src/PongRoom.ts(67,78): error TS18046: 'p' is of type 'unknown'.
server/src/PongRoom.ts(70,10): error TS2339: Property 'state' does not exist on type 'PongRoom'.
server/src/PongRoom.ts(74,10): error TS2339: Property 'state' does not exist on type 'PongRoom'.
server/src/SpaceInvadersRoom.ts(1,35): error TS2307: Cannot find module '@colyseus/core' or its corresponding type declarations.
server/src/SpaceInvadersRoom.ts(13,10): error TS2339: Property 'state' does not exist on type 'SpaceInvadersRoom'.
server/src/SpaceInvadersRoom.ts(14,10): error TS2339: Property 'state' does not exist on type 'SpaceInvadersRoom'.
server/src/SpaceInvadersRoom.ts(15,10): error TS2339: Property 'state' does not exist on type 'SpaceInvadersRoom'.
server/src/SpaceInvadersRoom.ts(17,10): error TS2339: Property 'setSimulationInterval' does not exist on type 'SpaceInvadersRoom'.
server/src/SpaceInvadersRoom.ts(17,33): error TS7006: Parameter 'deltaTime' implicitly has an 'any' type.
server/src/SpaceInvadersRoom.ts(19,10): error TS2339: Property 'onMessage' does not exist on type 'SpaceInvadersRoom'.
server/src/SpaceInvadersRoom.ts(19,30): error TS7006: Parameter 'client' implicitly has an 'any' type.
server/src/SpaceInvadersRoom.ts(24,27): error TS2339: Property 'state' does not exist on type 'SpaceInvadersRoom'.
server/src/SpaceInvadersRoom.ts(44,10): error TS2339: Property 'onMessage' does not exist on type 'SpaceInvadersRoom'.
server/src/SpaceInvadersRoom.ts(45,12): error TS2339: Property 'state' does not exist on type 'SpaceInvadersRoom'.
server/src/SpaceInvadersRoom.ts(46,12): error TS2339: Property 'state' does not exist on type 'SpaceInvadersRoom'.
server/src/SpaceInvadersRoom.ts(47,12): error TS2339: Property 'state' does not exist on type 'SpaceInvadersRoom'.
server/src/SpaceInvadersRoom.ts(48,12): error TS2339: Property 'state' does not exist on type 'SpaceInvadersRoom'.
server/src/SpaceInvadersRoom.ts(50,12): error TS2339: Property 'state' does not exist on type 'SpaceInvadersRoom'.
server/src/SpaceInvadersRoom.ts(50,34): error TS7006: Parameter 'p' implicitly has an 'any' type.
server/src/SpaceInvadersRoom.ts(65,64): error TS2339: Property 'clients' does not exist on type 'SpaceInvadersRoom'.
server/src/SpaceInvadersRoom.ts(66,10): error TS2339: Property 'state' does not exist on type 'SpaceInvadersRoom'.
server/src/SpaceInvadersRoom.ts(70,10): error TS2339: Property 'state' does not exist on type 'SpaceInvadersRoom'.
server/src/SpaceInvadersRoom.ts(74,15): error TS2339: Property 'state' does not exist on type 'SpaceInvadersRoom'.
server/src/SpaceInvadersRoom.ts(74,41): error TS2339: Property 'state' does not exist on type 'SpaceInvadersRoom'.
server/src/SpaceInvadersRoom.ts(82,14): error TS2339: Property 'state' does not exist on type 'SpaceInvadersRoom'.
server/src/SpaceInvadersRoom.ts(82,37): error TS7006: Parameter 'inv' implicitly has an 'any' type.
server/src/SpaceInvadersRoom.ts(90,18): error TS2339: Property 'state' does not exist on type 'SpaceInvadersRoom'.
server/src/SpaceInvadersRoom.ts(90,41): error TS7006: Parameter 'inv' implicitly has an 'any' type.
server/src/SpaceInvadersRoom.ts(94,26): error TS2339: Property 'state' does not exist on type 'SpaceInvadersRoom'.
server/src/SpaceInvadersRoom.ts(101,10): error TS2339: Property 'state' does not exist on type 'SpaceInvadersRoom'.
server/src/SpaceInvadersRoom.ts(101,33): error TS7006: Parameter 'bullet' implicitly has an 'any' type.
server/src/SpaceInvadersRoom.ts(101,41): error TS7006: Parameter 'id' implicitly has an 'any' type.
server/src/SpaceInvadersRoom.ts(105,14): error TS2339: Property 'state' does not exist on type 'SpaceInvadersRoom'.
server/src/SpaceInvadersRoom.ts(105,37): error TS7006: Parameter 'inv' implicitly has an 'any' type.
server/src/SpaceInvadersRoom.ts(110,22): error TS2339: Property 'state' does not exist on type 'SpaceInvadersRoom'.
server/src/SpaceInvadersRoom.ts(111,37): error TS2339: Property 'state' does not exist on type 'SpaceInvadersRoom'.
server/src/SpaceInvadersRoom.ts(117,18): error TS2339: Property 'state' does not exist on type 'SpaceInvadersRoom'.
server/src/SpaceInvadersRoom.ts(123,10): error TS2339: Property 'state' does not exist on type 'SpaceInvadersRoom'.
server/src/SpaceInvadersRoom.ts(123,33): error TS7006: Parameter 'inv' implicitly has an 'any' type.
server/src/SpaceInvadersRoom.ts(135,10): error TS2339: Property 'state' does not exist on type 'SpaceInvadersRoom'.
server/src/SpaceInvadersRoom.ts(139,10): error TS2339: Property 'state' does not exist on type 'SpaceInvadersRoom'.
server/src/SpaceInvadersRoom.ts(146,12): error TS2339: Property 'state' does not exist on type 'SpaceInvadersRoom'.
server/src/index.ts(1,52): error TS2307: Cannot find module '@colyseus/core' or its corresponding type declarations.
server/src/index.ts(2,36): error TS2307: Cannot find module '@colyseus/ws-transport' or its corresponding type declarations.
server/src/index.ts(3,21): error TS2307: Cannot find module 'express' or its corresponding type declarations.
server/src/index.ts(34,30): error TS7006: Parameter 'req' implicitly has an 'any' type.
server/src/index.ts(34,35): error TS7006: Parameter 'res' implicitly has an 'any' type.
server/src/index.ts(50,32): error TS7006: Parameter 'req' implicitly has an 'any' type.
server/src/index.ts(50,37): error TS7006: Parameter 'res' implicitly has an 'any' type.
server/src/index.ts(57,27): error TS7006: Parameter 'req' implicitly has an 'any' type.
server/src/index.ts(57,32): error TS7006: Parameter 'res' implicitly has an 'any' type.
server/src/schema/GameState.ts(4,4): error TS1240: Unable to resolve signature of property decorator when called as an expression.
  Argument of type 'undefined' is not assignable to parameter of type 'Object'.
server/src/schema/GameState.ts(5,4): error TS1240: Unable to resolve signature of property decorator when called as an expression.
  Argument of type 'undefined' is not assignable to parameter of type 'Object'.
server/src/schema/GameState.ts(6,4): error TS1240: Unable to resolve signature of property decorator when called as an expression.
  Argument of type 'undefined' is not assignable to parameter of type 'Object'.
server/src/schema/GameState.ts(7,4): error TS1240: Unable to resolve signature of property decorator when called as an expression.
  Argument of type 'undefined' is not assignable to parameter of type 'Object'.
server/src/schema/GameState.ts(8,4): error TS1240: Unable to resolve signature of property decorator when called as an expression.
  Argument of type 'undefined' is not assignable to parameter of type 'Object'.
server/src/schema/GameState.ts(12,4): error TS1240: Unable to resolve signature of property decorator when called as an expression.
  Argument of type 'undefined' is not assignable to parameter of type 'Object'.
server/src/schema/GameState.ts(13,4): error TS1240: Unable to resolve signature of property decorator when called as an expression.
  Argument of type 'undefined' is not assignable to parameter of type 'Object'.
server/src/schema/GameState.ts(14,4): error TS1240: Unable to resolve signature of property decorator when called as an expression.
  Argument of type 'undefined' is not assignable to parameter of type 'Object'.
server/src/schema/GameState.ts(15,4): error TS1240: Unable to resolve signature of property decorator when called as an expression.
  Argument of type 'undefined' is not assignable to parameter of type 'Object'.
server/src/schema/GameState.ts(16,4): error TS1240: Unable to resolve signature of property decorator when called as an expression.
  Argument of type 'undefined' is not assignable to parameter of type 'Object'.
server/src/schema/GameState.ts(20,4): error TS1240: Unable to resolve signature of property decorator when called as an expression.
  Argument of type 'undefined' is not assignable to parameter of type 'Object'.
server/src/schema/GameState.ts(21,4): error TS1240: Unable to resolve signature of property decorator when called as an expression.
  Argument of type 'undefined' is not assignable to parameter of type 'Object'.
server/src/schema/GameState.ts(25,4): error TS1240: Unable to resolve signature of property decorator when called as an expression.
  Argument of type 'undefined' is not assignable to parameter of type 'Object'.
server/src/schema/GameState.ts(29,4): error TS1240: Unable to resolve signature of property decorator when called as an expression.
  Argument of type 'undefined' is not assignable to parameter of type 'Object'.
server/src/schema/GameState.ts(30,4): error TS1240: Unable to resolve signature of property decorator when called as an expression.
  Argument of type 'undefined' is not assignable to parameter of type 'Object'.
server/src/schema/GameState.ts(31,4): error TS1240: Unable to resolve signature of property decorator when called as an expression.
  Argument of type 'undefined' is not assignable to parameter of type 'Object'.
server/src/schema/GameState.ts(33,4): error TS1240: Unable to resolve signature of property decorator when called as an expression.
  Argument of type 'undefined' is not assignable to parameter of type 'Object'.
server/src/schema/GameState.ts(34,4): error TS1240: Unable to resolve signature of property decorator when called as an expression.
  Argument of type 'undefined' is not assignable to parameter of type 'Object'.
server/src/schema/GameState.ts(35,4): error TS1240: Unable to resolve signature of property decorator when called as an expression.
  Argument of type 'undefined' is not assignable to parameter of type 'Object'.
server/src/schema/GameState.ts(36,4): error TS1240: Unable to resolve signature of property decorator when called as an expression.
  Argument of type 'undefined' is not assignable to parameter of type 'Object'.
server/src/schema/GameState.ts(37,4): error TS1240: Unable to resolve signature of property decorator when called as an expression.
  Argument of type 'undefined' is not assignable to parameter of type 'Object'.
server/src/schema/GameState.ts(38,4): error TS1240: Unable to resolve signature of property decorator when called as an expression.
  Argument of type 'undefined' is not assignable to parameter of type 'Object'.
server/src/schema/GameState.ts(39,4): error TS1240: Unable to resolve signature of property decorator when called as an expression.
  Argument of type 'undefined' is not assignable to parameter of type 'Object'.
server/src/schema/GameState.ts(40,4): error TS1240: Unable to resolve signature of property decorator when called as an expression.
  Argument of type 'undefined' is not assignable to parameter of type 'Object'.
server/src/schema/GameState.ts(41,4): error TS1240: Unable to resolve signature of property decorator when called as an expression.
  Argument of type 'undefined' is not assignable to parameter of type 'Object'.
server/src/schema/GameState.ts(42,4): error TS1240: Unable to resolve signature of property decorator when called as an expression.
  Argument of type 'undefined' is not assignable to parameter of type 'Object'.
server/src/schema/GameState.ts(46,4): error TS1240: Unable to resolve signature of property decorator when called as an expression.
  Argument of type 'undefined' is not assignable to parameter of type 'Object'.
server/src/schema/GameState.ts(47,4): error TS1240: Unable to resolve signature of property decorator when called as an expression.
  Argument of type 'undefined' is not assignable to parameter of type 'Object'.
server/src/schema/GameState.ts(48,4): error TS1240: Unable to resolve signature of property decorator when called as an expression.
  Argument of type 'undefined' is not assignable to parameter of type 'Object'.
server/src/schema/GameState.ts(49,4): error TS1240: Unable to resolve signature of property decorator when called as an expression.
  Argument of type 'undefined' is not assignable to parameter of type 'Object'.
server/src/schema/GameState.ts(53,4): error TS1240: Unable to resolve signature of property decorator when called as an expression.
  Argument of type 'undefined' is not assignable to parameter of type 'Object'.
server/src/schema/GameState.ts(57,4): error TS1240: Unable to resolve signature of property decorator when called as an expression.
  Argument of type 'undefined' is not assignable to parameter of type 'Object'.
server/src/schema/GameState.ts(58,4): error TS1240: Unable to resolve signature of property decorator when called as an expression.
  Argument of type 'undefined' is not assignable to parameter of type 'Object'.
server/src/schema/GameState.ts(59,4): error TS1240: Unable to resolve signature of property decorator when called as an expression.
  Argument of type 'undefined' is not assignable to parameter of type 'Object'.
server/src/schema/GameState.ts(60,4): error TS1240: Unable to resolve signature of property decorator when called as an expression.
  Argument of type 'undefined' is not assignable to parameter of type 'Object'.
server/src/schema/GameState.ts(61,4): error TS1240: Unable to resolve signature of property decorator when called as an expression.
  Argument of type 'undefined' is not assignable to parameter of type 'Object'.
server/src/schema/GameState.ts(65,4): error TS1240: Unable to resolve signature of property decorator when called as an expression.
  Argument of type 'undefined' is not assignable to parameter of type 'Object'.
server/src/schema/GameState.ts(66,4): error TS1240: Unable to resolve signature of property decorator when called as an expression.
  Argument of type 'undefined' is not assignable to parameter of type 'Object'.
server/src/schema/GameState.ts(67,4): error TS1240: Unable to resolve signature of property decorator when called as an expression.
  Argument of type 'undefined' is not assignable to parameter of type 'Object'.
server/src/schema/GameState.ts(68,4): error TS1240: Unable to resolve signature of property decorator when called as an expression.
  Argument of type 'undefined' is not assignable to parameter of type 'Object'.
server/src/schema/GameState.ts(72,4): error TS1240: Unable to resolve signature of property decorator when called as an expression.
  Argument of type 'undefined' is not assignable to parameter of type 'Object'.
server/src/schema/GameState.ts(73,4): error TS1240: Unable to resolve signature of property decorator when called as an expression.
  Argument of type 'undefined' is not assignable to parameter of type 'Object'.
server/src/schema/GameState.ts(74,4): error TS1240: Unable to resolve signature of property decorator when called as an expression.
  Argument of type 'undefined' is not assignable to parameter of type 'Object'.
server/src/schema/GameState.ts(75,4): error TS1240: Unable to resolve signature of property decorator when called as an expression.
  Argument of type 'undefined' is not assignable to parameter of type 'Object'.
server/src/schema/GameState.ts(79,4): error TS1240: Unable to resolve signature of property decorator when called as an expression.
  Argument of type 'undefined' is not assignable to parameter of type 'Object'.
server/src/schema/GameState.ts(80,4): error TS1240: Unable to resolve signature of property decorator when called as an expression.
  Argument of type 'undefined' is not assignable to parameter of type 'Object'.
server/src/schema/GameState.ts(81,4): error TS1240: Unable to resolve signature of property decorator when called as an expression.
  Argument of type 'undefined' is not assignable to parameter of type 'Object'.
server/src/schema/GameState.ts(82,4): error TS1240: Unable to resolve signature of property decorator when called as an expression.
  Argument of type 'undefined' is not assignable to parameter of type 'Object'.
server/src/schema/GameState.ts(83,4): error TS1240: Unable to resolve signature of property decorator when called as an expression.
  Argument of type 'undefined' is not assignable to parameter of type 'Object'.
src/app/asteroids/index.tsx(108,61): error TS2345: Argument of type '{}' is not assignable to parameter of type 'Record<string, unknown>'.
  Index signature for type 'string' is missing in type '{}'.
src/app/asteroids/index.tsx(224,11): error TS2322: Type '{ gameState: GameStateComponent; onRestart: () => void | Promise<void>; onPause: () => void; isPaused: boolean; highScore: number; seed: number | undefined; onSetSeed: (seed?: number | undefined) => void; }' is not assignable to type 'IntrinsicAttributes & GameUIProps'.
  Property 'seed' does not exist on type 'IntrinsicAttributes & GameUIProps'.
src/app/asteroids/index.tsx(254,23): error TS2322: Type 'AsteroidsGame' is not assignable to type 'BaseGame<Record<string, unknown>, Record<string, unknown>>'.
  Types of property '_listeners' are incompatible.
    Type 'Set<UpdateListener<GameStateComponent>>' is not assignable to type 'Set<UpdateListener<Record<string, unknown>>>'.
      Type 'UpdateListener<GameStateComponent>' is not assignable to type 'UpdateListener<Record<string, unknown>>'.
        Type 'Record<string, unknown>' is missing the following properties from type 'GameStateComponent': type, lives, score, level, and 6 more.
src/app/flappybird/index.tsx(100,62): error TS2345: Argument of type '{}' is not assignable to parameter of type 'Record<string, unknown>'.
  Index signature for type 'string' is missing in type '{}'.
src/app/flappybird/index.tsx(176,11): error TS2322: Type '{ gameState: FlappyBirdState; onRestart: () => void | Promise<void>; onPause: () => void; isPaused: boolean; highScore: number; seed: number | undefined; onSetSeed: (seed?: number | undefined) => void; }' is not assignable to type 'IntrinsicAttributes & FlappyBirdUIProps'.
  Property 'seed' does not exist on type 'IntrinsicAttributes & FlappyBirdUIProps'.
src/app/flappybird/index.tsx(199,23): error TS2322: Type 'FlappyBirdGame' is not assignable to type 'BaseGame<Record<string, unknown>, Record<string, unknown>>'.
  Types of property '_listeners' are incompatible.
    Type 'Set<UpdateListener<FlappyBirdState>>' is not assignable to type 'Set<UpdateListener<Record<string, unknown>>>'.
      Type 'UpdateListener<FlappyBirdState>' is not assignable to type 'UpdateListener<Record<string, unknown>>'.
        Type 'Record<string, unknown>' is missing the following properties from type 'FlappyBirdState': type, score, isGameOver, highScore, and 3 more.
src/app/index.tsx(68,11): error TS2322: Type 'string | HrefObject' is not assignable to type 'string'.
  Type 'HrefObject' is not assignable to type 'string'.
src/app/pong/index.tsx(60,29): error TS2345: Argument of type '{}' is not assignable to parameter of type 'Record<string, unknown>'.
  Index signature for type 'string' is missing in type '{}'.
src/app/pong/index.tsx(179,23): error TS2322: Type 'PongGame' is not assignable to type 'BaseGame<Record<string, unknown>, Record<string, unknown>>'.
  Types of property '_listeners' are incompatible.
    Type 'Set<UpdateListener<PongState>>' is not assignable to type 'Set<UpdateListener<Record<string, unknown>>>'.
      Type 'UpdateListener<PongState>' is not assignable to type 'UpdateListener<Record<string, unknown>>'.
        Type 'Record<string, unknown>' is missing the following properties from type 'PongState': type, scoreP1, scoreP2, isGameOver, comboMultiplier
src/app/space-invaders/index.tsx(84,65): error TS2345: Argument of type '{}' is not assignable to parameter of type 'Record<string, unknown>'.
  Index signature for type 'string' is missing in type '{}'.
src/app/space-invaders/index.tsx(157,11): error TS2322: Type '{ gameState: GameStateComponent; onRestart: () => void | Promise<void>; onPause: () => void; isPaused: boolean; highScore: number; seed: number | undefined; onSetSeed: (seed?: number | undefined) => void; }' is not assignable to type 'IntrinsicAttributes & SpaceInvadersUIProps'.
  Property 'seed' does not exist on type 'IntrinsicAttributes & SpaceInvadersUIProps'.
src/app/space-invaders/index.tsx(180,23): error TS2322: Type 'SpaceInvadersGame' is not assignable to type 'BaseGame<Record<string, unknown>, Record<string, unknown>>'.
  Types of property '_listeners' are incompatible.
    Type 'Set<UpdateListener<GameStateComponent>>' is not assignable to type 'Set<UpdateListener<Record<string, unknown>>>'.
      Type 'UpdateListener<GameStateComponent>' is not assignable to type 'UpdateListener<Record<string, unknown>>'.
        Type 'Record<string, unknown>' is missing the following properties from type 'GameStateComponent': type, lives, score, level, and 6 more.
src/components/ComboDisplay.tsx(72,3): error TS2322: Type '{ textShadow: string; } | { textShadowColor: string; textShadowRadius: number; }' is not assignable to type 'ViewStyle | TextStyle | ImageStyle'.
  Type '{ textShadow: string; }' is not assignable to type 'ViewStyle | TextStyle | ImageStyle'.
src/components/LeaderboardOverlay.tsx(26,19): error TS2345: Argument of type 'unknown[]' is not assignable to parameter of type 'SetStateAction<LeaderboardEntry[]>'.
  Type 'unknown[]' is not assignable to type 'LeaderboardEntry[]'.
    Type 'unknown' is not assignable to type 'LeaderboardEntry'.
src/components/controls/MobileControlsOverlay.tsx(80,11): error TS2322: Type '{ onMove: (x: number, y: number) => void; onRelease: () => void; }' is not assignable to type 'IntrinsicAttributes & VirtualJoystickProps'.
  Property 'onMove' does not exist on type 'IntrinsicAttributes & VirtualJoystickProps'.
src/components/debug/DebugOverlay.tsx(245,30): error TS18048: 'c.shape.halfWidth' is possibly 'undefined'.
src/components/debug/DebugOverlay.tsx(246,30): error TS18048: 'c.shape.halfHeight' is possibly 'undefined'.
src/components/debug/DebugOverlay.tsx(247,28): error TS18048: 'c.shape.halfWidth' is possibly 'undefined'.
src/components/debug/DebugOverlay.tsx(248,29): error TS18048: 'c.shape.halfHeight' is possibly 'undefined'.
src/engine/rendering/skia/GameCanvas.tsx(7,3): error TS2724: '"../../types/EngineTypes"' has no exported member named 'RenderableComponent'. Did you mean 'RenderComponent'?
src/engine/rendering/skia/GameCanvas.tsx(77,8): error TS2604: JSX element type 'Group' does not have any construct or call signatures.
src/engine/rendering/skia/GameCanvas.tsx(77,8): error TS2786: 'Group' cannot be used as a JSX component.
  Its type 'SkiaComponent | null' is not a valid JSX element type.
    Type 'null' is not assignable to type 'ElementType'.
src/engine/rendering/skia/GameCanvas.tsx(78,10): error TS2604: JSX element type 'Rect' does not have any construct or call signatures.
src/engine/rendering/skia/GameCanvas.tsx(78,10): error TS2786: 'Rect' cannot be used as a JSX component.
  Its type 'SkiaComponent | null' is not a valid JSX element type.
    Type 'null' is not assignable to type 'ElementType'.
src/engine/rendering/skia/GameCanvas.tsx(82,8): error TS2604: JSX element type 'Group' does not have any construct or call signatures.
src/engine/rendering/skia/GameCanvas.tsx(82,8): error TS2786: 'Group' cannot be used as a JSX component.
  Its type 'SkiaComponent | null' is not a valid JSX element type.
    Type 'null' is not assignable to type 'ElementType'.
src/engine/rendering/skia/GameCanvas.tsx(93,8): error TS2604: JSX element type 'Group' does not have any construct or call signatures.
src/engine/rendering/skia/GameCanvas.tsx(93,8): error TS2786: 'Group' cannot be used as a JSX component.
  Its type 'SkiaComponent | null' is not a valid JSX element type.
    Type 'null' is not assignable to type 'ElementType'.
src/games/DummyViolation.ts(7,18): error TS2540: Cannot assign to 'x' because it is a read-only property.
src/games/asteroids/AsteroidsGame.ts(56,11): error TS2564: Property 'gameStateSystem' has no initializer and is not definitely assigned in the constructor.
src/games/asteroids/AsteroidsGame.ts(57,11): error TS2564: Property 'assetLoader' has no initializer and is not definitely assigned in the constructor.
src/games/asteroids/AsteroidsGame.ts(58,11): error TS2564: Property 'bulletPool' has no initializer and is not definitely assigned in the constructor.
src/games/asteroids/AsteroidsGame.ts(59,11): error TS2564: Property 'particlePool' has no initializer and is not definitely assigned in the constructor.
src/games/asteroids/AsteroidsGame.ts(60,11): error TS2564: Property 'networkManager' has no initializer and is not definitely assigned in the constructor.
src/games/asteroids/AsteroidsGame.ts(63,11): error TS2564: Property 'config' has no initializer and is not definitely assigned in the constructor.
src/games/asteroids/AsteroidsGame.ts(84,5): error TS2322: Type 'Mutator | { SCREEN_WIDTH: number; SCREEN_HEIGHT: number; SCREEN_CENTER_X: number; SCREEN_CENTER_Y: number; MAX_DELTA_TIME: number; KEYS: { THRUST: string; ROTATE_LEFT: string; ROTATE_RIGHT: string; SHOOT: string; HYPERSPACE: string; PAUSE: string; RESTART: string; }; ... 33 more ...; TRAIL_MAX_LENGTH: number; }' is not assignable to type '{ SCREEN_WIDTH: number; SCREEN_HEIGHT: number; SCREEN_CENTER_X: number; SCREEN_CENTER_Y: number; MAX_DELTA_TIME: number; KEYS: { THRUST: string; ROTATE_LEFT: string; ROTATE_RIGHT: string; SHOOT: string; HYPERSPACE: string; PAUSE: string; RESTART: string; }; ... 33 more ...; TRAIL_MAX_LENGTH: number; }'.
  Type 'Mutator' is missing the following properties from type '{ SCREEN_WIDTH: number; SCREEN_HEIGHT: number; SCREEN_CENTER_X: number; SCREEN_CENTER_Y: number; MAX_DELTA_TIME: number; KEYS: { THRUST: string; ROTATE_LEFT: string; ROTATE_RIGHT: string; SHOOT: string; HYPERSPACE: string; PAUSE: string; RESTART: string; }; ... 33 more ...; TRAIL_MAX_LENGTH: number; }': SCREEN_WIDTH, SCREEN_HEIGHT, SCREEN_CENTER_X, SCREEN_CENTER_Y, and 36 more.
src/games/asteroids/AsteroidsGame.ts(85,37): error TS2769: No overload matches this call.
  Overload 1 of 3, '(callbackfn: (previousValue: Mutator, currentValue: Mutator, currentIndex: number, array: Mutator[]) => Mutator, initialValue: Mutator): Mutator', gave the following error.
    Type 'Record<string, unknown>' is missing the following properties from type 'Mutator': id, name, description, games, apply
  Overload 2 of 3, '(callbackfn: (previousValue: { SCREEN_WIDTH: number; SCREEN_HEIGHT: number; SCREEN_CENTER_X: number; SCREEN_CENTER_Y: number; MAX_DELTA_TIME: number; KEYS: { THRUST: string; ROTATE_LEFT: string; ROTATE_RIGHT: string; SHOOT: string; HYPERSPACE: string; PAUSE: string; RESTART: string; }; ... 33 more ...; TRAIL_MAX_LENGTH: number; }, currentValue: Mutator, currentIndex: number, array: Mutator[]) => { ...; }, initialValue: { ...; }): { ...; }', gave the following error.
    Type 'Record<string, unknown>' is missing the following properties from type '{ SCREEN_WIDTH: number; SCREEN_HEIGHT: number; SCREEN_CENTER_X: number; SCREEN_CENTER_Y: number; MAX_DELTA_TIME: number; KEYS: { THRUST: string; ROTATE_LEFT: string; ROTATE_RIGHT: string; SHOOT: string; HYPERSPACE: string; PAUSE: string; RESTART: string; }; ... 33 more ...; TRAIL_MAX_LENGTH: number; }': SCREEN_WIDTH, SCREEN_HEIGHT, SCREEN_CENTER_X, SCREEN_CENTER_Y, and 36 more.
src/games/asteroids/AsteroidsGame.ts(239,15): error TS2339: Property 'created' does not exist on type 'Partial<WorldSnapshot>'.
src/games/asteroids/AsteroidsGame.ts(239,32): error TS2339: Property 'updated' does not exist on type 'Partial<WorldSnapshot>'.
src/games/asteroids/AsteroidsGame.ts(239,49): error TS2339: Property 'removed' does not exist on type 'Partial<WorldSnapshot>'.
src/games/asteroids/AsteroidsGame.ts(244,73): error TS2345: Argument of type 'Partial<WorldSnapshot>' is not assignable to parameter of type 'DeltaPacket'.
  Type 'Partial<WorldSnapshot>' is missing the following properties from type 'DeltaPacket': sequence, baselineAck, full, created, and 3 more.
src/games/asteroids/AsteroidsGame.ts(400,20): error TS2322: Type '{ type: "GameState"; lives: number; score: number; level: number; asteroidsRemaining: number; isGameOver: boolean; comboCount: number; comboMultiplier: number; lastBulletHit: boolean; ... 4 more ...; debugCRT?: boolean; }' is not assignable to type 'GameStateComponent'.
  Types of property 'stars' are incompatible.
    Type 'readonly { readonly type: "Star"; readonly x: number; readonly y: number; readonly size: number; readonly alpha: number; readonly brightness: number; readonly twinklePhase: number; readonly twinkleSpeed: number; readonly layer: number; }[] | undefined' is not assignable to type 'Star[] | undefined'.
      The type 'readonly { readonly type: "Star"; readonly x: number; readonly y: number; readonly size: number; readonly alpha: number; readonly brightness: number; readonly twinklePhase: number; readonly twinkleSpeed: number; readonly layer: number; }[]' is 'readonly' and cannot be assigned to the mutable type 'Star[]'.
src/games/asteroids/AsteroidsGame.ts(436,14): error TS2420: Class 'NullAsteroidsGame' incorrectly implements interface 'IAsteroidsGame'.
  Type 'NullAsteroidsGame' is missing the following properties from type 'IAsteroidsGame': isMultiplayer, start, stop, pause, and 3 more.
src/games/asteroids/EntityPool.ts(20,9): error TS2741: Property 'parentEntity' is missing in type '{ type: "Transform"; x: number; y: number; rotation: number; scaleX: number; scaleY: number; }' but required in type 'TransformComponent'.
src/games/asteroids/EntityPool.ts(67,9): error TS2741: Property 'parentEntity' is missing in type '{ type: "Transform"; x: number; y: number; rotation: number; scaleX: number; scaleY: number; }' but required in type 'TransformComponent'.
src/games/asteroids/rendering/AsteroidShapeDrawers.ts(56,36): error TS2345: Argument of type '{ readonly type: "Trail"; readonly points: readonly { readonly x: number; readonly y: number; }[]; readonly currentIndex: number; readonly count: number; readonly maxLength: number; }' is not assignable to parameter of type 'TrailComponent'.
  Types of property 'points' are incompatible.
    The type 'readonly { readonly x: number; readonly y: number; }[]' is 'readonly' and cannot be assigned to the mutable type '{ x: number; y: number; }[]'.
src/games/asteroids/rendering/AsteroidSkiaDrawers.ts(45,25): error TS2339: Property 'PaintStyle' does not exist on type 'Skia'.
src/games/asteroids/rendering/AsteroidSkiaDrawers.ts(49,25): error TS2339: Property 'PaintStyle' does not exist on type 'Skia'.
src/games/asteroids/rendering/AsteroidSkiaDrawers.ts(55,25): error TS2339: Property 'PaintStyle' does not exist on type 'Skia'.
src/games/asteroids/rendering/AsteroidSkiaDrawers.ts(76,51): error TS2345: Argument of type '{ readonly type: "Trail"; readonly points: readonly { readonly x: number; readonly y: number; }[]; readonly currentIndex: number; readonly count: number; readonly maxLength: number; }' is not assignable to parameter of type 'TrailComponent'.
  Types of property 'points' are incompatible.
    The type 'readonly { readonly x: number; readonly y: number; }[]' is 'readonly' and cannot be assigned to the mutable type '{ x: number; y: number; }[]'.
src/games/asteroids/rendering/AsteroidSkiaDrawers.ts(94,25): error TS2339: Property 'PaintStyle' does not exist on type 'Skia'.
src/games/asteroids/rendering/AsteroidSkiaDrawers.ts(98,25): error TS2339: Property 'PaintStyle' does not exist on type 'Skia'.
src/games/asteroids/rendering/AsteroidSkiaDrawers.ts(103,25): error TS2339: Property 'PaintStyle' does not exist on type 'Skia'.
src/games/asteroids/rendering/AsteroidSkiaDrawers.ts(133,25): error TS2339: Property 'PaintStyle' does not exist on type 'Skia'.
src/games/asteroids/rendering/AsteroidSkiaDrawers.ts(154,31): error TS2339: Property 'invert' does not exist on type 'SkMatrix'.
src/games/asteroids/rendering/AsteroidSkiaDrawers.ts(162,25): error TS2339: Property 'PaintStyle' does not exist on type 'Skia'.
src/games/asteroids/rendering/AsteroidsRendererManager.ts(15,52): error TS2345: Argument of type '(ctx: CanvasRenderingContext2D, entity: Entity, _pos: { x: number; y: number; rotation: number; scaleX: number; scaleY: number; }, elapsedTime: number, render: { shape: string; size: number; color: string; vertices?: { x: number; y: number; }[] | null; hitFlashFrames: number; data: Record<string, unknown> | null; },...' is not assignable to parameter of type 'ShapeDrawer<CanvasRenderingContext2D>'.
  Types of parameters 'render' and 'render' are incompatible.
    Type '{ shape: string; size: number; color: string; vertices?: readonly { readonly x: number; readonly y: number; }[] | null | undefined; hitFlashFrames: number; data: Record<string, unknown> | null; }' is not assignable to type '{ shape: string; size: number; color: string; vertices?: { x: number; y: number; }[] | null | undefined; hitFlashFrames: number; data: Record<string, unknown> | null; }'.
      Types of property 'vertices' are incompatible.
        Type 'readonly { readonly x: number; readonly y: number; }[] | null | undefined' is not assignable to type '{ x: number; y: number; }[] | null | undefined'.
          The type 'readonly { readonly x: number; readonly y: number; }[]' is 'readonly' and cannot be assigned to the mutable type '{ x: number; y: number; }[]'.
src/games/asteroids/rendering/AsteroidsRendererManager.ts(17,47): error TS2345: Argument of type '(ctx: CanvasRenderingContext2D, entity: Entity, _pos: { x: number; y: number; rotation: number; scaleX: number; scaleY: number; }, _elapsedTime: number, render: { shape: string; size: number; color: string; vertices?: { x: number; y: number; }[] | null; hitFlashFrames: number; data: Record<string, unknown> | null; }...' is not assignable to parameter of type 'ShapeDrawer<CanvasRenderingContext2D>'.
  Types of parameters 'render' and 'render' are incompatible.
    Type '{ shape: string; size: number; color: string; vertices?: readonly { readonly x: number; readonly y: number; }[] | null | undefined; hitFlashFrames: number; data: Record<string, unknown> | null; }' is not assignable to type '{ shape: string; size: number; color: string; vertices?: { x: number; y: number; }[] | null | undefined; hitFlashFrames: number; data: Record<string, unknown> | null; }'.
      Types of property 'vertices' are incompatible.
        Type 'readonly { readonly x: number; readonly y: number; }[] | null | undefined' is not assignable to type '{ x: number; y: number; }[] | null | undefined'.
          The type 'readonly { readonly x: number; readonly y: number; }[]' is 'readonly' and cannot be assigned to the mutable type '{ x: number; y: number; }[]'.
src/games/asteroids/rendering/AsteroidsRendererManager.ts(18,49): error TS2345: Argument of type '(ctx: CanvasRenderingContext2D, entity: Entity, _pos: { x: number; y: number; rotation: number; scaleX: number; scaleY: number; }, _elapsedTime: number, render: { shape: string; size: number; color: string; vertices?: { x: number; y: number; }[] | null; hitFlashFrames: number; data: Record<string, unknown> | null; }...' is not assignable to parameter of type 'ShapeDrawer<CanvasRenderingContext2D>'.
  Types of parameters 'render' and 'render' are incompatible.
    Type '{ shape: string; size: number; color: string; vertices?: readonly { readonly x: number; readonly y: number; }[] | null | undefined; hitFlashFrames: number; data: Record<string, unknown> | null; }' is not assignable to type '{ shape: string; size: number; color: string; vertices?: { x: number; y: number; }[] | null | undefined; hitFlashFrames: number; data: Record<string, unknown> | null; }'.
      Types of property 'vertices' are incompatible.
        Type 'readonly { readonly x: number; readonly y: number; }[] | null | undefined' is not assignable to type '{ x: number; y: number; }[] | null | undefined'.
          The type 'readonly { readonly x: number; readonly y: number; }[]' is 'readonly' and cannot be assigned to the mutable type '{ x: number; y: number; }[]'.
src/games/asteroids/rendering/AsteroidsRendererManager.ts(21,57): error TS2345: Argument of type '(ctx: CanvasRenderingContext2D, entity: Entity, pos: { x: number; y: number; rotation: number; scaleX: number; scaleY: number; }, _elapsedTime: number, render: { shape: string; size: number; color: string; vertices?: { x: number; y: number; }[] | null; hitFlashFrames: number; data: Record<string, unknown> | null; },...' is not assignable to parameter of type 'ShapeDrawer<CanvasRenderingContext2D>'.
  Types of parameters 'render' and 'render' are incompatible.
    Type '{ shape: string; size: number; color: string; vertices?: readonly { readonly x: number; readonly y: number; }[] | null | undefined; hitFlashFrames: number; data: Record<string, unknown> | null; }' is not assignable to type '{ shape: string; size: number; color: string; vertices?: { x: number; y: number; }[] | null | undefined; hitFlashFrames: number; data: Record<string, unknown> | null; }'.
      Types of property 'vertices' are incompatible.
        Type 'readonly { readonly x: number; readonly y: number; }[] | null | undefined' is not assignable to type '{ x: number; y: number; }[] | null | undefined'.
          The type 'readonly { readonly x: number; readonly y: number; }[]' is 'readonly' and cannot be assigned to the mutable type '{ x: number; y: number; }[]'.
src/games/asteroids/rendering/AsteroidsRendererManager.ts(22,60): error TS2345: Argument of type '(ctx: CanvasRenderingContext2D, entity: Entity, pos: { x: number; y: number; rotation: number; scaleX: number; scaleY: number; }, _elapsedTime: number, render: { shape: string; size: number; color: string; vertices?: { x: number; y: number; }[] | null; hitFlashFrames: number; data: Record<string, unknown> | null; },...' is not assignable to parameter of type 'ShapeDrawer<CanvasRenderingContext2D>'.
  Types of parameters 'render' and 'render' are incompatible.
    Type '{ shape: string; size: number; color: string; vertices?: readonly { readonly x: number; readonly y: number; }[] | null | undefined; hitFlashFrames: number; data: Record<string, unknown> | null; }' is not assignable to type '{ shape: string; size: number; color: string; vertices?: { x: number; y: number; }[] | null | undefined; hitFlashFrames: number; data: Record<string, unknown> | null; }'.
      Types of property 'vertices' are incompatible.
        Type 'readonly { readonly x: number; readonly y: number; }[] | null | undefined' is not assignable to type '{ x: number; y: number; }[] | null | undefined'.
          The type 'readonly { readonly x: number; readonly y: number; }[]' is 'readonly' and cannot be assigned to the mutable type '{ x: number; y: number; }[]'.
src/games/asteroids/rendering/AsteroidsRendererManager.web.ts(15,52): error TS2345: Argument of type '(ctx: CanvasRenderingContext2D, entity: Entity, _pos: { x: number; y: number; rotation: number; scaleX: number; scaleY: number; }, elapsedTime: number, render: { shape: string; size: number; color: string; vertices?: { x: number; y: number; }[] | null; hitFlashFrames: number; data: Record<string, unknown> | null; },...' is not assignable to parameter of type 'ShapeDrawer<CanvasRenderingContext2D>'.
  Types of parameters 'render' and 'render' are incompatible.
    Type '{ shape: string; size: number; color: string; vertices?: readonly { readonly x: number; readonly y: number; }[] | null | undefined; hitFlashFrames: number; data: Record<string, unknown> | null; }' is not assignable to type '{ shape: string; size: number; color: string; vertices?: { x: number; y: number; }[] | null | undefined; hitFlashFrames: number; data: Record<string, unknown> | null; }'.
      Types of property 'vertices' are incompatible.
        Type 'readonly { readonly x: number; readonly y: number; }[] | null | undefined' is not assignable to type '{ x: number; y: number; }[] | null | undefined'.
          The type 'readonly { readonly x: number; readonly y: number; }[]' is 'readonly' and cannot be assigned to the mutable type '{ x: number; y: number; }[]'.
src/games/asteroids/rendering/AsteroidsRendererManager.web.ts(17,47): error TS2345: Argument of type '(ctx: CanvasRenderingContext2D, entity: Entity, _pos: { x: number; y: number; rotation: number; scaleX: number; scaleY: number; }, _elapsedTime: number, render: { shape: string; size: number; color: string; vertices?: { x: number; y: number; }[] | null; hitFlashFrames: number; data: Record<string, unknown> | null; }...' is not assignable to parameter of type 'ShapeDrawer<CanvasRenderingContext2D>'.
  Types of parameters 'render' and 'render' are incompatible.
    Type '{ shape: string; size: number; color: string; vertices?: readonly { readonly x: number; readonly y: number; }[] | null | undefined; hitFlashFrames: number; data: Record<string, unknown> | null; }' is not assignable to type '{ shape: string; size: number; color: string; vertices?: { x: number; y: number; }[] | null | undefined; hitFlashFrames: number; data: Record<string, unknown> | null; }'.
      Types of property 'vertices' are incompatible.
        Type 'readonly { readonly x: number; readonly y: number; }[] | null | undefined' is not assignable to type '{ x: number; y: number; }[] | null | undefined'.
          The type 'readonly { readonly x: number; readonly y: number; }[]' is 'readonly' and cannot be assigned to the mutable type '{ x: number; y: number; }[]'.
src/games/asteroids/rendering/AsteroidsRendererManager.web.ts(18,49): error TS2345: Argument of type '(ctx: CanvasRenderingContext2D, entity: Entity, _pos: { x: number; y: number; rotation: number; scaleX: number; scaleY: number; }, _elapsedTime: number, render: { shape: string; size: number; color: string; vertices?: { x: number; y: number; }[] | null; hitFlashFrames: number; data: Record<string, unknown> | null; }...' is not assignable to parameter of type 'ShapeDrawer<CanvasRenderingContext2D>'.
  Types of parameters 'render' and 'render' are incompatible.
    Type '{ shape: string; size: number; color: string; vertices?: readonly { readonly x: number; readonly y: number; }[] | null | undefined; hitFlashFrames: number; data: Record<string, unknown> | null; }' is not assignable to type '{ shape: string; size: number; color: string; vertices?: { x: number; y: number; }[] | null | undefined; hitFlashFrames: number; data: Record<string, unknown> | null; }'.
      Types of property 'vertices' are incompatible.
        Type 'readonly { readonly x: number; readonly y: number; }[] | null | undefined' is not assignable to type '{ x: number; y: number; }[] | null | undefined'.
          The type 'readonly { readonly x: number; readonly y: number; }[]' is 'readonly' and cannot be assigned to the mutable type '{ x: number; y: number; }[]'.
src/games/asteroids/rendering/AsteroidsRendererManager.web.ts(21,57): error TS2345: Argument of type '(ctx: CanvasRenderingContext2D, entity: Entity, pos: { x: number; y: number; rotation: number; scaleX: number; scaleY: number; }, _elapsedTime: number, render: { shape: string; size: number; color: string; vertices?: { x: number; y: number; }[] | null; hitFlashFrames: number; data: Record<string, unknown> | null; },...' is not assignable to parameter of type 'ShapeDrawer<CanvasRenderingContext2D>'.
  Types of parameters 'render' and 'render' are incompatible.
    Type '{ shape: string; size: number; color: string; vertices?: readonly { readonly x: number; readonly y: number; }[] | null | undefined; hitFlashFrames: number; data: Record<string, unknown> | null; }' is not assignable to type '{ shape: string; size: number; color: string; vertices?: { x: number; y: number; }[] | null | undefined; hitFlashFrames: number; data: Record<string, unknown> | null; }'.
      Types of property 'vertices' are incompatible.
        Type 'readonly { readonly x: number; readonly y: number; }[] | null | undefined' is not assignable to type '{ x: number; y: number; }[] | null | undefined'.
          The type 'readonly { readonly x: number; readonly y: number; }[]' is 'readonly' and cannot be assigned to the mutable type '{ x: number; y: number; }[]'.
src/games/asteroids/rendering/AsteroidsRendererManager.web.ts(22,60): error TS2345: Argument of type '(ctx: CanvasRenderingContext2D, entity: Entity, pos: { x: number; y: number; rotation: number; scaleX: number; scaleY: number; }, _elapsedTime: number, render: { shape: string; size: number; color: string; vertices?: { x: number; y: number; }[] | null; hitFlashFrames: number; data: Record<string, unknown> | null; },...' is not assignable to parameter of type 'ShapeDrawer<CanvasRenderingContext2D>'.
  Types of parameters 'render' and 'render' are incompatible.
    Type '{ shape: string; size: number; color: string; vertices?: readonly { readonly x: number; readonly y: number; }[] | null | undefined; hitFlashFrames: number; data: Record<string, unknown> | null; }' is not assignable to type '{ shape: string; size: number; color: string; vertices?: { x: number; y: number; }[] | null | undefined; hitFlashFrames: number; data: Record<string, unknown> | null; }'.
      Types of property 'vertices' are incompatible.
        Type 'readonly { readonly x: number; readonly y: number; }[] | null | undefined' is not assignable to type '{ x: number; y: number; }[] | null | undefined'.
          The type 'readonly { readonly x: number; readonly y: number; }[]' is 'readonly' and cannot be assigned to the mutable type '{ x: number; y: number; }[]'.
src/games/asteroids/rendering/AsteroidsRendererManager.web.ts(43,44): error TS2345: Argument of type 'ShapeDrawer<CanvasRenderingContext2D>' is not assignable to parameter of type 'ShapeDrawer<unknown>'.
  Type 'unknown' is not assignable to type 'CanvasRenderingContext2D'.
src/games/asteroids/rendering/AsteroidsRendererManager.web.ts(44,40): error TS2345: Argument of type 'ShapeDrawer<CanvasRenderingContext2D>' is not assignable to parameter of type 'ShapeDrawer<unknown>'.
  Type 'unknown' is not assignable to type 'CanvasRenderingContext2D'.
src/games/asteroids/rendering/AsteroidsRendererManager.web.ts(45,39): error TS2345: Argument of type 'ShapeDrawer<CanvasRenderingContext2D>' is not assignable to parameter of type 'ShapeDrawer<unknown>'.
  Type 'unknown' is not assignable to type 'CanvasRenderingContext2D'.
src/games/asteroids/scenes/AsteroidsGameScene.ts(59,26): error TS2345: Argument of type 'IGameStateSystem' is not assignable to parameter of type 'System'.
  Type 'IGameStateSystem' is missing the following properties from type 'System': onRegister, onUnregister, update, dispose
src/games/asteroids/scenes/RogueSteroidsScene.ts(1,10): error TS2300: Duplicate identifier 'World'.
src/games/asteroids/scenes/RogueSteroidsScene.ts(4,10): error TS2300: Duplicate identifier 'World'.
src/games/asteroids/systems/AsteroidCollisionSystem.ts(271,88): error TS2339: Property 'offset' does not exist on type '{}'.
src/games/asteroids/systems/AsteroidCollisionSystem.ts(287,75): error TS2345: Argument of type 'unknown' is not assignable to parameter of type 'Partial<Omit<EntityBlueprint, "id" | "kind" | "displayName" | "tags">> | undefined'.
src/games/asteroids/systems/AsteroidComboSystem.ts(11,9): error TS2322: Type 'EventBus | undefined' is not assignable to type 'EventBus | null'.
  Type 'undefined' is not assignable to type 'EventBus | null'.
src/games/asteroids/systems/AsteroidGameStateSystem.ts(33,5): error TS2322: Type '{ readonly type: "GameState"; readonly lives: number; readonly score: number; readonly level: number; readonly asteroidsRemaining: number; readonly isGameOver: boolean; readonly comboCount: number; ... 6 more ...; readonly debugCRT?: boolean | undefined; } | undefined' is not assignable to type 'GameStateComponent | undefined'.
  Type '{ readonly type: "GameState"; readonly lives: number; readonly score: number; readonly level: number; readonly asteroidsRemaining: number; readonly isGameOver: boolean; readonly comboCount: number; ... 6 more ...; readonly debugCRT?: boolean | undefined; }' is not assignable to type 'GameStateComponent'.
    Types of property 'stars' are incompatible.
      Type 'readonly { readonly type: "Star"; readonly x: number; readonly y: number; readonly size: number; readonly alpha: number; readonly brightness: number; readonly twinklePhase: number; readonly twinkleSpeed: number; readonly layer: number; }[] | undefined' is not assignable to type 'Star[] | undefined'.
        The type 'readonly { readonly type: "Star"; readonly x: number; readonly y: number; readonly size: number; readonly alpha: number; readonly brightness: number; readonly twinklePhase: number; readonly twinkleSpeed: number; readonly layer: number; }[]' is 'readonly' and cannot be assigned to the mutable type 'Star[]'.
src/games/asteroids/systems/ShipControlSystem.ts(44,46): error TS2339: Property 'onComplete' does not exist on type 'TTLComponent'.
src/games/asteroids/systems/ShipControlSystem.ts(45,19): error TS2339: Property 'onComplete' does not exist on type 'TTLComponent'.
src/games/asteroids/systems/UfoSystem.ts(38,36): error TS2532: Object is possibly 'undefined'.
src/games/asteroids/utils/ShipPhysics.ts(60,171): error TS1016: A required parameter cannot follow an optional parameter.
src/games/flappybird/EntityFactory.ts(76,28): error TS2353: Object literal may only specify known properties, and 'x' does not exist in type 'Component'.
src/games/flappybird/EntityFactory.ts(77,27): error TS2353: Object literal may only specify known properties, and 'dx' does not exist in type 'Component'.
src/games/flappybird/EntityFactory.ts(80,5): error TS2353: Object literal may only specify known properties, and 'shape' does not exist in type 'Component'.
src/games/flappybird/EntityFactory.ts(97,5): error TS2353: Object literal may only specify known properties, and 'velocityY' does not exist in type 'Component'.
src/games/flappybird/EntityFactory.ts(104,5): error TS2353: Object literal may only specify known properties, and 'flap' does not exist in type 'Component'.
src/games/flappybird/EntityFactory.ts(112,5): error TS2353: Object literal may only specify known properties, and 'current' does not exist in type 'Component'.
src/games/flappybird/EntityFactory.ts(145,31): error TS2353: Object literal may only specify known properties, and 'x' does not exist in type 'Component'.
src/games/flappybird/EntityFactory.ts(146,30): error TS2353: Object literal may only specify known properties, and 'dx' does not exist in type 'Component'.
src/games/flappybird/EntityFactory.ts(149,5): error TS2353: Object literal may only specify known properties, and 'shape' does not exist in type 'Component'.
src/games/flappybird/EntityFactory.ts(164,26): error TS2353: Object literal may only specify known properties, and 'gapY' does not exist in type 'Component'.
src/games/flappybird/EntityFactory.ts(170,34): error TS2353: Object literal may only specify known properties, and 'x' does not exist in type 'Component'.
src/games/flappybird/EntityFactory.ts(171,33): error TS2353: Object literal may only specify known properties, and 'dx' does not exist in type 'Component'.
src/games/flappybird/EntityFactory.ts(174,5): error TS2353: Object literal may only specify known properties, and 'shape' does not exist in type 'Component'.
src/games/flappybird/EntityFactory.ts(189,29): error TS2353: Object literal may only specify known properties, and 'gapY' does not exist in type 'Component'.
src/games/flappybird/EntityFactory.ts(197,28): error TS2353: Object literal may only specify known properties, and 'x' does not exist in type 'Component'.
src/games/flappybird/EntityFactory.ts(211,5): error TS2353: Object literal may only specify known properties, and 'shape' does not exist in type 'Component'.
src/games/flappybird/EntityFactory.ts(226,5): error TS2353: Object literal may only specify known properties, and 'score' does not exist in type 'Component'.
src/games/flappybird/FlappyBirdGame.ts(45,11): error TS2564: Property 'gameStateSystem' has no initializer and is not definitely assigned in the constructor.
src/games/flappybird/FlappyBirdGame.ts(46,11): error TS2564: Property 'networkManager' has no initializer and is not definitely assigned in the constructor.
src/games/flappybird/FlappyBirdGame.ts(48,11): error TS2564: Property 'config' has no initializer and is not definitely assigned in the constructor.
src/games/flappybird/FlappyBirdGame.ts(63,5): error TS2322: Type 'Mutator | { SCREEN_WIDTH: number; SCREEN_HEIGHT: number; BIRD_X: number; BIRD_START_Y: number; BIRD_RADIUS: number; GRAVITY: number; FLAP_STRENGTH: number; FLAP_COOLDOWN: number; ... 5 more ...; KEYS: { ...; }; }' is not assignable to type '{ SCREEN_WIDTH: number; SCREEN_HEIGHT: number; BIRD_X: number; BIRD_START_Y: number; BIRD_RADIUS: number; GRAVITY: number; FLAP_STRENGTH: number; FLAP_COOLDOWN: number; PIPE_WIDTH: number; PIPE_SPEED: number; PIPE_SPAWN_INTERVAL: number; GAP_SIZE: number; GROUND_Y: number; KEYS: { ...; }; }'.
  Type 'Mutator' is missing the following properties from type '{ SCREEN_WIDTH: number; SCREEN_HEIGHT: number; BIRD_X: number; BIRD_START_Y: number; BIRD_RADIUS: number; GRAVITY: number; FLAP_STRENGTH: number; FLAP_COOLDOWN: number; PIPE_WIDTH: number; PIPE_SPEED: number; PIPE_SPAWN_INTERVAL: number; GAP_SIZE: number; GROUND_Y: number; KEYS: { ...; }; }': SCREEN_WIDTH, SCREEN_HEIGHT, BIRD_X, BIRD_START_Y, and 10 more.
src/games/flappybird/FlappyBirdGame.ts(64,37): error TS2769: No overload matches this call.
  Overload 1 of 3, '(callbackfn: (previousValue: Mutator, currentValue: Mutator, currentIndex: number, array: Mutator[]) => Mutator, initialValue: Mutator): Mutator', gave the following error.
    Type 'Record<string, unknown>' is missing the following properties from type 'Mutator': id, name, description, games, apply
  Overload 2 of 3, '(callbackfn: (previousValue: { SCREEN_WIDTH: number; SCREEN_HEIGHT: number; BIRD_X: number; BIRD_START_Y: number; BIRD_RADIUS: number; GRAVITY: number; FLAP_STRENGTH: number; FLAP_COOLDOWN: number; PIPE_WIDTH: number; ... 4 more ...; KEYS: { ...; }; }, currentValue: Mutator, currentIndex: number, array: Mutator[]) => { ...; }, initialValue: { ...; }): { ...; }', gave the following error.
    Type 'Record<string, unknown>' is missing the following properties from type '{ SCREEN_WIDTH: number; SCREEN_HEIGHT: number; BIRD_X: number; BIRD_START_Y: number; BIRD_RADIUS: number; GRAVITY: number; FLAP_STRENGTH: number; FLAP_COOLDOWN: number; PIPE_WIDTH: number; PIPE_SPEED: number; PIPE_SPAWN_INTERVAL: number; GAP_SIZE: number; GROUND_Y: number; KEYS: { ...; }; }': SCREEN_WIDTH, SCREEN_HEIGHT, BIRD_X, BIRD_START_Y, and 10 more.
src/games/flappybird/FlappyBirdGame.ts(114,72): error TS2345: Argument of type 'this' is not assignable to parameter of type 'INetworkGame'.
  Type 'FlappyBirdGame' is missing the following properties from type 'INetworkGame': runSimulationStep, applyInputToEntity
src/games/flappybird/FlappyBirdGame.ts(181,11): error TS2739: Type '{ tick: number; entities: never[]; componentData: { Transform: {}; }; stateVersion: number; nextEntityId: number; freeEntities: never[]; }' is missing the following properties from type 'WorldSnapshot': structureVersion, seed
src/games/flappybird/FlappyBirdGame.ts(233,38): error TS2345: Argument of type 'ShapeDrawer<CanvasRenderingContext2D>' is not assignable to parameter of type 'ShapeDrawer<unknown>'.
  Type 'unknown' is not assignable to type 'CanvasRenderingContext2D'.
src/games/flappybird/FlappyBirdGame.ts(234,38): error TS2345: Argument of type 'ShapeDrawer<CanvasRenderingContext2D>' is not assignable to parameter of type 'ShapeDrawer<unknown>'.
  Type 'unknown' is not assignable to type 'CanvasRenderingContext2D'.
src/games/flappybird/FlappyBirdGame.ts(235,40): error TS2345: Argument of type 'ShapeDrawer<CanvasRenderingContext2D>' is not assignable to parameter of type 'ShapeDrawer<unknown>'.
  Type 'unknown' is not assignable to type 'CanvasRenderingContext2D'.
src/games/flappybird/FlappyBirdGame.ts(236,57): error TS2345: Argument of type 'EffectDrawer<CanvasRenderingContext2D>' is not assignable to parameter of type 'EffectDrawer<unknown>'.
  Type 'unknown' is not assignable to type 'CanvasRenderingContext2D'.
src/games/flappybird/FlappyBirdGame.ts(257,14): error TS2420: Class 'NullFlappyBirdGame' incorrectly implements interface 'IFlappyBirdGame'.
  Property 'isMultiplayer' is missing in type 'NullFlappyBirdGame' but required in type 'IFlappyBirdGame'.
src/games/flappybird/systems/FlappyBirdGameStateSystem.ts(18,11): error TS2345: Argument of type 'IFlappyBirdGame & BaseGame<unknown, Record<string, boolean>>' is not assignable to parameter of type 'BaseGame<Record<string, unknown>, Record<string, unknown>> | undefined'.
  Type 'IFlappyBirdGame & BaseGame<unknown, Record<string, boolean>>' is not assignable to type 'BaseGame<Record<string, unknown>, Record<string, unknown>>'.
    The types returned by 'getGameState()' are incompatible between these types.
      Type 'FlappyBirdState' is not assignable to type 'Record<string, unknown>'.
        Index signature for type 'string' is missing in type 'FlappyBirdState'.
src/games/pong/ExampleRegistration.ts(4,33): error TS2307: Cannot find module '../../engine/systems/CollisionSystem' or its corresponding type declarations.
src/games/pong/ExampleRegistration.ts(12,14): error TS2515: Non-abstract class 'PongGame' does not implement inherited abstract member initializeRenderer from class 'BaseGame<PongState, PongInput>'.
src/games/pong/ExampleRegistration.ts(14,45): error TS2554: Expected 0 arguments, but got 2.
src/games/pong/ExampleRegistration.ts(15,26): error TS2345: Argument of type '(Anonymous class)' is not assignable to parameter of type 'System'.
  Type '(Anonymous class)' is missing the following properties from type 'System': onRegister, onUnregister, update, dispose
src/games/pong/PongGame.ts(42,11): error TS2564: Property 'config' has no initializer and is not definitely assigned in the constructor.
src/games/pong/PongGame.ts(67,9): error TS2352: Conversion of type 'Mutator' to type '{ SCREEN_WIDTH: number; SCREEN_HEIGHT: number; SCREEN_CENTER_X: number; SCREEN_CENTER_Y: number; MAX_DELTA_TIME: number; WIDTH: number; HEIGHT: number; PADDLE_WIDTH: number; PADDLE_HEIGHT: number; ... 5 more ...; BALL_INVISIBLE_AFTER_HIT_TICKS: number; }' may be a mistake because neither type sufficiently overlaps with the other. If this was intentional, convert the expression to 'unknown' first.
  Type 'Mutator' is missing the following properties from type '{ SCREEN_WIDTH: number; SCREEN_HEIGHT: number; SCREEN_CENTER_X: number; SCREEN_CENTER_Y: number; MAX_DELTA_TIME: number; WIDTH: number; HEIGHT: number; PADDLE_WIDTH: number; PADDLE_HEIGHT: number; ... 5 more ...; BALL_INVISIBLE_AFTER_HIT_TICKS: number; }': SCREEN_WIDTH, SCREEN_HEIGHT, SCREEN_CENTER_X, SCREEN_CENTER_Y, and 11 more.
src/games/pong/PongGame.ts(67,37): error TS2769: No overload matches this call.
  Overload 1 of 3, '(callbackfn: (previousValue: Mutator, currentValue: Mutator, currentIndex: number, array: Mutator[]) => Mutator, initialValue: Mutator): Mutator', gave the following error.
    Type 'Record<string, unknown>' is missing the following properties from type 'Mutator': id, name, description, games, apply
  Overload 2 of 3, '(callbackfn: (previousValue: { SCREEN_WIDTH: number; SCREEN_HEIGHT: number; SCREEN_CENTER_X: number; SCREEN_CENTER_Y: number; MAX_DELTA_TIME: number; WIDTH: number; HEIGHT: number; PADDLE_WIDTH: number; PADDLE_HEIGHT: number; ... 5 more ...; BALL_INVISIBLE_AFTER_HIT_TICKS: number; }, currentValue: Mutator, currentIndex: number, array: Mutator[]) => { ...; }, initialValue: { ...; }): { ...; }', gave the following error.
    Type 'Record<string, unknown>' is missing the following properties from type '{ SCREEN_WIDTH: number; SCREEN_HEIGHT: number; SCREEN_CENTER_X: number; SCREEN_CENTER_Y: number; MAX_DELTA_TIME: number; WIDTH: number; HEIGHT: number; PADDLE_WIDTH: number; PADDLE_HEIGHT: number; ... 5 more ...; BALL_INVISIBLE_AFTER_HIT_TICKS: number; }': SCREEN_WIDTH, SCREEN_HEIGHT, SCREEN_CENTER_X, SCREEN_CENTER_Y, and 11 more.
src/games/pong/PongGame.ts(140,40): error TS2345: Argument of type 'ShapeDrawer<CanvasRenderingContext2D>' is not assignable to parameter of type 'ShapeDrawer<unknown>'.
  Type 'unknown' is not assignable to type 'CanvasRenderingContext2D'.
src/games/pong/types/PongConfigSchema.ts(36,3): error TS2353: Object literal may only specify known properties, and 'KEYS' does not exist in type '{ SCREEN_WIDTH: number; SCREEN_HEIGHT: number; SCREEN_CENTER_X: number; SCREEN_CENTER_Y: number; MAX_DELTA_TIME: number; WIDTH: number; HEIGHT: number; PADDLE_WIDTH: number; PADDLE_HEIGHT: number; ... 5 more ...; BALL_INVISIBLE_AFTER_HIT_TICKS: number; }'.
src/games/space-invaders/SpaceInvadersGame.ts(62,9): error TS2352: Conversion of type 'Mutator' to type '{ SCREEN_WIDTH: number; SCREEN_HEIGHT: number; SCREEN_CENTER_X: number; SCREEN_CENTER_Y: number; MAX_DELTA_TIME: number; KEYS: { LEFT: string; RIGHT: string; SHOOT: string; PAUSE: string; RESTART: string; }; ... 33 more ...; MAX_MULTIPLIER: number; }' may be a mistake because neither type sufficiently overlaps with the other. If this was intentional, convert the expression to 'unknown' first.
  Type 'Mutator' is missing the following properties from type '{ SCREEN_WIDTH: number; SCREEN_HEIGHT: number; SCREEN_CENTER_X: number; SCREEN_CENTER_Y: number; MAX_DELTA_TIME: number; KEYS: { LEFT: string; RIGHT: string; SHOOT: string; PAUSE: string; RESTART: string; }; ... 33 more ...; MAX_MULTIPLIER: number; }': SCREEN_WIDTH, SCREEN_HEIGHT, SCREEN_CENTER_X, SCREEN_CENTER_Y, and 36 more.
src/games/space-invaders/SpaceInvadersGame.ts(62,37): error TS2769: No overload matches this call.
  Overload 1 of 3, '(callbackfn: (previousValue: Mutator, currentValue: Mutator, currentIndex: number, array: Mutator[]) => Mutator, initialValue: Mutator): Mutator', gave the following error.
    Type 'Record<string, unknown>' is missing the following properties from type 'Mutator': id, name, description, games, apply
  Overload 2 of 3, '(callbackfn: (previousValue: { SCREEN_WIDTH: number; SCREEN_HEIGHT: number; SCREEN_CENTER_X: number; SCREEN_CENTER_Y: number; MAX_DELTA_TIME: number; KEYS: { LEFT: string; RIGHT: string; SHOOT: string; PAUSE: string; RESTART: string; }; ... 33 more ...; MAX_MULTIPLIER: number; }, currentValue: Mutator, currentIndex: number, array: Mutator[]) => { ...; }, initialValue: { ...; }): { ...; }', gave the following error.
    Type 'Record<string, unknown>' is missing the following properties from type '{ SCREEN_WIDTH: number; SCREEN_HEIGHT: number; SCREEN_CENTER_X: number; SCREEN_CENTER_Y: number; MAX_DELTA_TIME: number; KEYS: { LEFT: string; RIGHT: string; SHOOT: string; PAUSE: string; RESTART: string; }; ... 33 more ...; MAX_MULTIPLIER: number; }': SCREEN_WIDTH, SCREEN_HEIGHT, SCREEN_CENTER_X, SCREEN_CENTER_Y, and 36 more.
src/games/space-invaders/SpaceInvadersGame.ts(98,45): error TS2345: Argument of type 'ShapeDrawer<CanvasRenderingContext2D>' is not assignable to parameter of type 'ShapeDrawer<unknown>'.
  Type 'unknown' is not assignable to type 'CanvasRenderingContext2D'.
src/games/space-invaders/SpaceInvadersGame.ts(99,41): error TS2345: Argument of type 'ShapeDrawer<CanvasRenderingContext2D>' is not assignable to parameter of type 'ShapeDrawer<unknown>'.
  Type 'unknown' is not assignable to type 'CanvasRenderingContext2D'.
src/games/space-invaders/SpaceInvadersGame.ts(100,47): error TS2345: Argument of type 'ShapeDrawer<CanvasRenderingContext2D>' is not assignable to parameter of type 'ShapeDrawer<unknown>'.
  Type 'unknown' is not assignable to type 'CanvasRenderingContext2D'.
src/games/space-invaders/SpaceInvadersGame.ts(101,46): error TS2345: Argument of type 'ShapeDrawer<CanvasRenderingContext2D>' is not assignable to parameter of type 'ShapeDrawer<unknown>'.
  Type 'unknown' is not assignable to type 'CanvasRenderingContext2D'.
src/games/space-invaders/SpaceInvadersGame.ts(102,46): error TS2345: Argument of type 'ShapeDrawer<CanvasRenderingContext2D>' is not assignable to parameter of type 'ShapeDrawer<unknown>'.
  Type 'unknown' is not assignable to type 'CanvasRenderingContext2D'.
src/games/space-invaders/SpaceInvadersGame.ts(103,42): error TS2345: Argument of type 'ShapeDrawer<CanvasRenderingContext2D>' is not assignable to parameter of type 'ShapeDrawer<unknown>'.
  Type 'unknown' is not assignable to type 'CanvasRenderingContext2D'.
src/games/space-invaders/SpaceInvadersGame.ts(136,11): error TS2739: Type '{ tick: number; entities: never[]; componentData: { Transform: {}; }; stateVersion: number; nextEntityId: number; freeEntities: never[]; }' is missing the following properties from type 'WorldSnapshot': structureVersion, seed
src/games/space-invaders/SpaceInvadersGame.ts(279,72): error TS2345: Argument of type 'this' is not assignable to parameter of type 'INetworkGame'.
  Type 'SpaceInvadersGame' is missing the following properties from type 'INetworkGame': runSimulationStep, applyInputToEntity
src/games/space-invaders/SpaceInvadersGame.ts(291,14): error TS2420: Class 'NullSpaceInvadersGame' incorrectly implements interface 'ISpaceInvadersGame'.
  Type 'NullSpaceInvadersGame' is missing the following properties from type 'ISpaceInvadersGame': setInput, start, stop, pause, and 3 more.
src/games/space-invaders/scenes/SpaceInvadersGameScene.ts(88,78): error TS2339: Property 'gameId' does not exist on type 'ISpaceInvadersGame'.
src/games/space-invaders/systems/KamikazeSystem.ts(71,21): error TS2532: Object is possibly 'undefined'.
src/hooks/useKeepAwake.ts(31,21): error TS18048: 'nav' is possibly 'undefined'.
